Archive member included to satisfy reference by file (symbol)

/Applications/ArmGNUToolchain/12.3.rel1/arm-none-eabi/bin/../lib/gcc/arm-none-eabi/12.3.1/thumb/v6-m/nofp/libgcc.a(_dvmd_tls.o)
                              src/CMakeFiles/picow-pi7.dir/Users/jun/Documents/PMR3406/PI-7/PicoW/pico-sdk/src/rp2_common/pico_divider/divider.S.obj (__aeabi_idiv0)
/Applications/ArmGNUToolchain/12.3.rel1/arm-none-eabi/bin/../lib/gcc/arm-none-eabi/12.3.1/../../../../arm-none-eabi/lib/thumb/v6-m/nofp/libg.a(libc_a-calloc.o)
                              src/CMakeFiles/picow-pi7.dir/Users/jun/Documents/PMR3406/PI-7/PicoW/pico-sdk/src/rp2_common/pico_malloc/pico_malloc.c.obj (calloc)
/Applications/ArmGNUToolchain/12.3.rel1/arm-none-eabi/bin/../lib/gcc/arm-none-eabi/12.3.1/../../../../arm-none-eabi/lib/thumb/v6-m/nofp/libg.a(libc_a-callocr.o)
                              /Applications/ArmGNUToolchain/12.3.rel1/arm-none-eabi/bin/../lib/gcc/arm-none-eabi/12.3.1/../../../../arm-none-eabi/lib/thumb/v6-m/nofp/libg.a(libc_a-calloc.o) (_calloc_r)
/Applications/ArmGNUToolchain/12.3.rel1/arm-none-eabi/bin/../lib/gcc/arm-none-eabi/12.3.1/../../../../arm-none-eabi/lib/thumb/v6-m/nofp/libg.a(libc_a-malloc.o)
                              src/CMakeFiles/picow-pi7.dir/Users/jun/Documents/PMR3406/PI-7/PicoW/pico-sdk/src/rp2_common/pico_malloc/pico_malloc.c.obj (malloc)
/Applications/ArmGNUToolchain/12.3.rel1/arm-none-eabi/bin/../lib/gcc/arm-none-eabi/12.3.1/../../../../arm-none-eabi/lib/thumb/v6-m/nofp/libg.a(libc_a-mallocr.o)
                              /Applications/ArmGNUToolchain/12.3.rel1/arm-none-eabi/bin/../lib/gcc/arm-none-eabi/12.3.1/../../../../arm-none-eabi/lib/thumb/v6-m/nofp/libg.a(libc_a-callocr.o) (_malloc_r)
/Applications/ArmGNUToolchain/12.3.rel1/arm-none-eabi/bin/../lib/gcc/arm-none-eabi/12.3.1/../../../../arm-none-eabi/lib/thumb/v6-m/nofp/libg.a(libc_a-mlock.o)
                              /Applications/ArmGNUToolchain/12.3.rel1/arm-none-eabi/bin/../lib/gcc/arm-none-eabi/12.3.1/../../../../arm-none-eabi/lib/thumb/v6-m/nofp/libg.a(libc_a-mallocr.o) (__malloc_lock)
/Applications/ArmGNUToolchain/12.3.rel1/arm-none-eabi/bin/../lib/gcc/arm-none-eabi/12.3.1/../../../../arm-none-eabi/lib/thumb/v6-m/nofp/libg.a(libc_a-realloc.o)
                              src/CMakeFiles/picow-pi7.dir/Users/jun/Documents/PMR3406/PI-7/PicoW/pico-sdk/src/rp2_common/pico_malloc/pico_malloc.c.obj (realloc)
/Applications/ArmGNUToolchain/12.3.rel1/arm-none-eabi/bin/../lib/gcc/arm-none-eabi/12.3.1/../../../../arm-none-eabi/lib/thumb/v6-m/nofp/libg.a(libc_a-reallocr.o)
                              /Applications/ArmGNUToolchain/12.3.rel1/arm-none-eabi/bin/../lib/gcc/arm-none-eabi/12.3.1/../../../../arm-none-eabi/lib/thumb/v6-m/nofp/libg.a(libc_a-realloc.o) (_realloc_r)
/Applications/ArmGNUToolchain/12.3.rel1/arm-none-eabi/bin/../lib/gcc/arm-none-eabi/12.3.1/../../../../arm-none-eabi/lib/thumb/v6-m/nofp/libg.a(libc_a-fwrite.o)
                              src/CMakeFiles/picow-pi7.dir/drivers/uart/uart.c.obj (fwrite)
/Applications/ArmGNUToolchain/12.3.rel1/arm-none-eabi/bin/../lib/gcc/arm-none-eabi/12.3.1/../../../../arm-none-eabi/lib/thumb/v6-m/nofp/libg.a(libc_a-memcmp.o)
                              src/CMakeFiles/picow-pi7.dir/Users/jun/Documents/PMR3406/PI-7/PicoW/pico-sdk/lib/cyw43-driver/src/cyw43_ll.c.obj (memcmp)
/Applications/ArmGNUToolchain/12.3.rel1/arm-none-eabi/bin/../lib/gcc/arm-none-eabi/12.3.1/../../../../arm-none-eabi/lib/thumb/v6-m/nofp/libg.a(libc_a-memmove.o)
                              src/CMakeFiles/picow-pi7.dir/Users/jun/Documents/PMR3406/PI-7/PicoW/pico-sdk/lib/cyw43-driver/src/cyw43_ll.c.obj (memmove)
/Applications/ArmGNUToolchain/12.3.rel1/arm-none-eabi/bin/../lib/gcc/arm-none-eabi/12.3.1/../../../../arm-none-eabi/lib/thumb/v6-m/nofp/libg.a(libc_a-strncmp.o)
                              src/CMakeFiles/picow-pi7.dir/Users/jun/Documents/PMR3406/PI-7/PicoW/pico-sdk/lib/cyw43-driver/src/cyw43_ll.c.obj (strncmp)
/Applications/ArmGNUToolchain/12.3.rel1/arm-none-eabi/bin/../lib/gcc/arm-none-eabi/12.3.1/../../../../arm-none-eabi/lib/thumb/v6-m/nofp/libg.a(libc_a-impure.o)
                              src/CMakeFiles/picow-pi7.dir/drivers/uart/uart.c.obj (_impure_ptr)
/Applications/ArmGNUToolchain/12.3.rel1/arm-none-eabi/bin/../lib/gcc/arm-none-eabi/12.3.1/../../../../arm-none-eabi/lib/thumb/v6-m/nofp/libg.a(libc_a-sbrkr.o)
                              /Applications/ArmGNUToolchain/12.3.rel1/arm-none-eabi/bin/../lib/gcc/arm-none-eabi/12.3.1/../../../../arm-none-eabi/lib/thumb/v6-m/nofp/libg.a(libc_a-mallocr.o) (_sbrk_r)
/Applications/ArmGNUToolchain/12.3.rel1/arm-none-eabi/bin/../lib/gcc/arm-none-eabi/12.3.1/../../../../arm-none-eabi/lib/thumb/v6-m/nofp/libg.a(libc_a-errno.o)
                              /Applications/ArmGNUToolchain/12.3.rel1/arm-none-eabi/bin/../lib/gcc/arm-none-eabi/12.3.1/../../../../arm-none-eabi/lib/thumb/v6-m/nofp/libg.a(libc_a-callocr.o) (__errno)
[...]
Memory Configuration

Name             Origin             Length             Attributes
FLASH            0x10000000         0x00200000         xr
RAM              0x20000000         0x00040000         xrw
SCRATCH_X        0x20040000         0x00001000         xrw
SCRATCH_Y        0x20041000         0x00001000         xrw
*default*        0x00000000         0xffffffff

Linker script and memory map

LOAD /Applications/ArmGNUToolchain/12.3.rel1/arm-none-eabi/bin/../lib/gcc/arm-none-eabi/12.3.1/thumb/v6-m/nofp/crti.o
LOAD /Applications/ArmGNUToolchain/12.3.rel1/arm-none-eabi/bin/../lib/gcc/arm-none-eabi/12.3.1/thumb/v6-m/nofp/crtbegin.o
LOAD /Applications/ArmGNUToolchain/12.3.rel1/arm-none-eabi/bin/../lib/gcc/arm-none-eabi/12.3.1/../../../../arm-none-eabi/lib/thumb/v6-m/nofp/crt0.o

.flash_begin    0x10000000        0x0
                0x10000000                        __flash_binary_start = .

.boot2          0x10000000      0x100
                0x10000000                        __boot2_start__ = .
 *(.boot2)
 .boot2         0x10000000      0x100 /var/folders/g2/0zpsk95x2h70r09cqft2c3jc0000gn/T//ccUASJH9.o
                0x10000100                        __boot2_end__ = .
                0x00000001                        ASSERT (((__boot2_end__ - __boot2_start__) == 0x100), ERROR: Pico second stage bootloader must be 256 bytes in size)

.text           0x10000100     0xfa10
                0x10000100                        __logical_binary_start = .
 *(.vectors)
 .vectors       0x10000100       0xd4 src/CMakeFiles/picow-pi7.dir/Users/jun/Documents/PMR3406/PI-7/PicoW/pico-sdk/src/rp2_common/pico_standard_link/crt0.S.obj
                0x10000100                __VECTOR_TABLE
                0x10000100                __vectors
                0x100001c0                __default_isrs_start
                0x100001c0                isr_invalid
                0x100001c2                isr_nmi
                0x100001c4                isr_hardfault
                0x100001c6                isr_svcall
                0x100001c8                isr_pendsv
                0x100001ca                isr_systick
                0x100001cc                isr_irq28
                0x100001cc                isr_irq19
                0x100001cc                isr_irq0
                0x100001cc                isr_irq6
                0x100001cc                isr_irq22
                0x100001cc                isr_irq17
                0x100001cc                isr_irq14
                0x100001cc                isr_irq2
                0x100001cc                isr_irq10
                0x100001cc                isr_irq8
                0x100001cc                isr_irq24
                0x100001cc                isr_irq1
                0x100001cc                isr_irq7
                0x100001cc                isr_irq21
                0x100001cc                isr_irq20
                0x100001cc                isr_irq15
                0x100001cc                isr_irq25
                0x100001cc                isr_irq4
                0x100001cc                isr_irq16
                0x100001cc                isr_irq29
                0x100001cc                isr_irq26
                0x100001cc                __default_isrs_end
                0x100001cc                isr_irq3
                0x100001cc                isr_irq9
                0x100001cc                __unhandled_user_irq
                0x100001cc                isr_irq13
                0x100001cc                isr_irq27
                0x100001cc                isr_irq31
                0x100001cc                isr_irq5
                0x100001cc                isr_irq11
                0x100001cc                isr_irq23
                0x100001cc                isr_irq18
                0x100001cc                isr_irq30
                0x100001cc                isr_irq12
                0x100001d2                unhandled_user_irq_num_in_r0
 *(.binary_info_header)
 .binary_info_header
                0x100001d4       0x14 src/CMakeFiles/picow-pi7.dir/Users/jun/Documents/PMR3406/PI-7/PicoW/pico-sdk/src/rp2_common/pico_standard_link/crt0.S.obj
                0x100001e8                        __binary_info_header_end = .
 *(.reset)
 .reset         0x100001e8       0xa0 src/CMakeFiles/picow-pi7.dir/Users/jun/Documents/PMR3406/PI-7/PicoW/pico-sdk/src/rp2_common/pico_standard_link/crt0.S.obj
                0x100001e8                _entry_point
 .reset         0x10000288       0x30 src/CMakeFiles/picow-pi7.dir/Users/jun/Documents/PMR3406/PI-7/PicoW/pico-sdk/src/rp2_common/pico_standard_link/binary_info.c.obj
 *(.init)
 .init          0x100002b8        0x4 /Applications/ArmGNUToolchain/12.3.rel1/arm-none-eabi/bin/../lib/gcc/arm-none-eabi/12.3.1/thumb/v6-m/nofp/crti.o
                0x100002b8                _init
 *(EXCLUDE_FILE(*libm.a: *libc.a:*lib_a-mem*.o *libgcc.a:) .text*)
 .text.register_tm_clones
                0x100002bc       0x28 /Applications/ArmGNUToolchain/12.3.rel1/arm-none-eabi/bin/../lib/gcc/arm-none-eabi/12.3.1/thumb/v6-m/nofp/crtbegin.o
 .text.frame_dummy
                0x100002e4       0x24 /Applications/ArmGNUToolchain/12.3.rel1/arm-none-eabi/bin/../lib/gcc/arm-none-eabi/12.3.1/thumb/v6-m/nofp/crtbegin.o
 .text.taskController
                0x10000308       0x14 src/CMakeFiles/picow-pi7.dir/main.c.obj
                0x10000308                taskController
 .text.taskNCProcessing
                0x1000031c       0x48 src/CMakeFiles/picow-pi7.dir/main.c.obj
                0x1000031c                taskNCProcessing
 .text.taskCommPIC
                0x10000364       0x50 src/CMakeFiles/picow-pi7.dir/main.c.obj
                0x10000364                taskCommPIC
 .text.taskBlinkLed
                0x100003b4       0x10 src/CMakeFiles/picow-pi7.dir/main.c.obj
                0x100003b4                taskBlinkLed
 .text.setupHardware
                0x100003c4       0x2c src/CMakeFiles/picow-pi7.dir/main.c.obj
 .text.initComponents
                0x100003f0       0x54 src/CMakeFiles/picow-pi7.dir/main.c.obj
 .text.main     0x10000444       0x90 src/CMakeFiles/picow-pi7.dir/main.c.obj
                0x10000444                main
 .text.led_init
                0x100004d4       0x10 src/CMakeFiles/picow-pi7.dir/drivers/ledonboard/leds.c.obj
                0x100004d4                led_init
 .text.led_invert
                0x100004e4       0x30 src/CMakeFiles/picow-pi7.dir/drivers/ledonboard/leds.c.obj
                0x100004e4                led_invert
 .text.uart_putc
                0x10000514       0x60 src/CMakeFiles/picow-pi7.dir/drivers/uart/uart.c.obj
 .text.uart_puts
                0x10000574       0x4a src/CMakeFiles/picow-pi7.dir/drivers/uart/uart.c.obj
 .text.uart_getc
                0x100005be       0x24 src/CMakeFiles/picow-pi7.dir/drivers/uart/uart.c.obj
 *fill*         0x100005e2        0x2 
 .text.UART0_IRQHandler
                0x100005e4       0x34 src/CMakeFiles/picow-pi7.dir/drivers/uart/uart.c.obj
                0x100005e4                UART0_IRQHandler
 .text.UART1_IRQHandler
                0x10000618       0x34 src/CMakeFiles/picow-pi7.dir/drivers/uart/uart.c.obj
                0x10000618                UART1_IRQHandler
 .text.UARTInit
                0x1000064c      0x100 src/CMakeFiles/picow-pi7.dir/drivers/uart/uart.c.obj
                0x1000064c                UARTInit
 .text.UARTSend
                0x1000074c       0x74 src/CMakeFiles/picow-pi7.dir/drivers/uart/uart.c.obj
                0x1000074c                UARTSend
 .text.UARTSendNullTerminated
                0x100007c0       0x20 src/CMakeFiles/picow-pi7.dir/drivers/uart/uart.c.obj
                0x100007c0                UARTSendNullTerminated
 .text.com_init
                0x100007e0        0xc src/CMakeFiles/picow-pi7.dir/pi7/comm_pc/modbus.c.obj
                0x100007e0                com_init
 .text.sendTxBufferToSerialUSB
                0x100007ec       0x14 src/CMakeFiles/picow-pi7.dir/pi7/comm_pc/modbus.c.obj
                0x100007ec                sendTxBufferToSerialUSB
 .text.decode   0x10000800       0x2a src/CMakeFiles/picow-pi7.dir/pi7/comm_pc/modbus.c.obj
                0x10000800                decode
 .text.encodeLow
                0x1000082a       0x10 src/CMakeFiles/picow-pi7.dir/pi7/comm_pc/modbus.c.obj
                0x1000082a                encodeLow
 .text.encodeHigh
                0x1000083a       0x12 src/CMakeFiles/picow-pi7.dir/pi7/comm_pc/modbus.c.obj
                0x1000083a                encodeHigh
 .text.calculateLRC
                0x1000084c       0x18 src/CMakeFiles/picow-pi7.dir/pi7/comm_pc/modbus.c.obj
                0x1000084c                calculateLRC
 .text.checkLRC
                0x10000864       0x44 src/CMakeFiles/picow-pi7.dir/pi7/comm_pc/modbus.c.obj
                0x10000864                checkLRC
 .text.processReadRegister
                0x100008a8       0x88 src/CMakeFiles/picow-pi7.dir/pi7/comm_pc/modbus.c.obj
                0x100008a8                processReadRegister
 .text.processWriteRegister
                0x10000930       0xac src/CMakeFiles/picow-pi7.dir/pi7/comm_pc/modbus.c.obj
                0x10000930                processWriteRegister
 .text.decodeFunctionCode
                0x100009dc       0x14 src/CMakeFiles/picow-pi7.dir/pi7/comm_pc/modbus.c.obj
                0x100009dc                decodeFunctionCode
 .text.processMessage
                0x100009f0       0x30 src/CMakeFiles/picow-pi7.dir/pi7/comm_pc/modbus.c.obj
                0x100009f0                processMessage
 .text.receiveMessage
                0x10000a20       0x98 src/CMakeFiles/picow-pi7.dir/pi7/comm_pc/modbus.c.obj
                0x10000a20                receiveMessage
 .text.com_executeCommunication
                0x10000ab8       0x1c src/CMakeFiles/picow-pi7.dir/pi7/comm_pc/modbus.c.obj
                0x10000ab8                com_executeCommunication
 .text.pic_init
                0x10000ad4        0x2 src/CMakeFiles/picow-pi7.dir/pi7/comm_pic/comm_pic.c.obj
                0x10000ad4                pic_init
 *fill*         0x10000ad6        0x2 
 .text.pic_sendToPIC
                0x10000ad8       0x5c src/CMakeFiles/picow-pi7.dir/pi7/comm_pic/comm_pic.c.obj
                0x10000ad8                pic_sendToPIC
 .text.ctl_init
                0x10000b34        0x2 src/CMakeFiles/picow-pi7.dir/pi7/command_interpreter/command_interpreter.c.obj
                0x10000b34                ctl_init
 .text.ctl_ReadRegister
                0x10000b36       0x44 src/CMakeFiles/picow-pi7.dir/pi7/command_interpreter/command_interpreter.c.obj
                0x10000b36                ctl_ReadRegister
 *fill*         0x10000b7a        0x2 
 .text.ctl_WriteRegister
                0x10000b7c       0x4c src/CMakeFiles/picow-pi7.dir/pi7/command_interpreter/command_interpreter.c.obj
                0x10000b7c                ctl_WriteRegister
 .text.tcl_generateSetpoint
                0x10000bc8       0x58 src/CMakeFiles/picow-pi7.dir/pi7/trj_control/trj_control.c.obj
                0x10000bc8                tcl_generateSetpoint
 .text.tcl_processCommand
                0x10000c20       0x40 src/CMakeFiles/picow-pi7.dir/pi7/trj_control/trj_control.c.obj
                0x10000c20                tcl_processCommand
 .text.tcl_init
                0x10000c60        0xc src/CMakeFiles/picow-pi7.dir/pi7/trj_control/trj_control.c.obj
                0x10000c60                tcl_init
 .text.tpr_getLine
                0x10000c6c       0x18 src/CMakeFiles/picow-pi7.dir/pi7/trj_program/trj_program.c.obj
                0x10000c6c                tpr_getLine
 .text.tpr_init
                0x10000c84       0x24 src/CMakeFiles/picow-pi7.dir/pi7/trj_program/trj_program.c.obj
                0x10000c84                tpr_init
 .text.tst_getCurrentLine
                0x10000ca8        0xc src/CMakeFiles/picow-pi7.dir/pi7/trj_state/trj_state.c.obj
                0x10000ca8                tst_getCurrentLine
 .text.tst_setCurrentLine
                0x10000cb4        0xc src/CMakeFiles/picow-pi7.dir/pi7/trj_state/trj_state.c.obj
                0x10000cb4                tst_setCurrentLine
 .text.tst_getX
                0x10000cc0        0xc src/CMakeFiles/picow-pi7.dir/pi7/trj_state/trj_state.c.obj
                0x10000cc0                tst_getX
 .text.tst_getY
                0x10000ccc        0xc src/CMakeFiles/picow-pi7.dir/pi7/trj_state/trj_state.c.obj
                0x10000ccc                tst_getY
 .text.tst_getZ
                0x10000cd8        0xc src/CMakeFiles/picow-pi7.dir/pi7/trj_state/trj_state.c.obj
                0x10000cd8                tst_getZ
 .text.tst_init
                0x10000ce4        0x2 src/CMakeFiles/picow-pi7.dir/pi7/trj_state/trj_state.c.obj
                0x10000ce4                tst_init
 *fill*         0x10000ce6        0x2 
 .text.gpio_set_function
                0x10000ce8       0x30 src/CMakeFiles/picow-pi7.dir/Users/jun/Documents/PMR3406/PI-7/PicoW/pico-sdk/src/rp2_common/hardware_gpio/gpio.c.obj
                0x10000ce8                gpio_set_function
 .text.gpio_set_pulls
                0x10000d18       0x34 src/CMakeFiles/picow-pi7.dir/Users/jun/Documents/PMR3406/PI-7/PicoW/pico-sdk/src/rp2_common/hardware_gpio/gpio.c.obj
                0x10000d18                gpio_set_pulls
 .text.gpio_set_input_hysteresis_enabled
                0x10000d4c       0x30 src/CMakeFiles/picow-pi7.dir/Users/jun/Documents/PMR3406/PI-7/PicoW/pico-sdk/src/rp2_common/hardware_gpio/gpio.c.obj
                0x10000d4c                gpio_set_input_hysteresis_enabled
 .text.gpio_add_raw_irq_handler_with_order_priority_masked
                0x10000d7c       0x40 src/CMakeFiles/picow-pi7.dir/Users/jun/Documents/PMR3406/PI-7/PicoW/pico-sdk/src/rp2_common/hardware_gpio/gpio.c.obj
                0x10000d7c                gpio_add_raw_irq_handler_with_order_priority_masked
 .text.gpio_remove_raw_irq_handler_masked
                0x10000dbc       0x48 src/CMakeFiles/picow-pi7.dir/Users/jun/Documents/PMR3406/PI-7/PicoW/pico-sdk/src/rp2_common/hardware_gpio/gpio.c.obj
                0x10000dbc                gpio_remove_raw_irq_handler_masked
 .text.gpio_acknowledge_irq
                0x10000e04       0x18 src/CMakeFiles/picow-pi7.dir/Users/jun/Documents/PMR3406/PI-7/PicoW/pico-sdk/src/rp2_common/hardware_gpio/gpio.c.obj
                0x10000e04                gpio_acknowledge_irq
 .text._gpio_set_irq_enabled
                0x10000e1c       0x34 src/CMakeFiles/picow-pi7.dir/Users/jun/Documents/PMR3406/PI-7/PicoW/pico-sdk/src/rp2_common/hardware_gpio/gpio.c.obj
 .text.gpio_set_irq_enabled
                0x10000e50       0x20 src/CMakeFiles/picow-pi7.dir/Users/jun/Documents/PMR3406/PI-7/PicoW/pico-sdk/src/rp2_common/hardware_gpio/gpio.c.obj
                0x10000e50                gpio_set_irq_enabled
 .text.gpio_init
                0x10000e70       0x16 src/CMakeFiles/picow-pi7.dir/Users/jun/Documents/PMR3406/PI-7/PicoW/pico-sdk/src/rp2_common/hardware_gpio/gpio.c.obj
                0x10000e70                gpio_init
 *fill*         0x10000e86        0x2 
 .text.running_on_fpga
                0x10000e88       0x14 src/CMakeFiles/picow-pi7.dir/Users/jun/Documents/PMR3406/PI-7/PicoW/pico-sdk/src/rp2_common/pico_platform/platform.c.obj
                0x10000e88                running_on_fpga
 .text.hw_claim_lock
                0x10000e9c       0x18 src/CMakeFiles/picow-pi7.dir/Users/jun/Documents/PMR3406/PI-7/PicoW/pico-sdk/src/rp2_common/hardware_claim/claim.c.obj
                0x10000e9c                hw_claim_lock
 .text.hw_claim_unlock
                0x10000eb4       0x14 src/CMakeFiles/picow-pi7.dir/Users/jun/Documents/PMR3406/PI-7/PicoW/pico-sdk/src/rp2_common/hardware_claim/claim.c.obj
                0x10000eb4                hw_claim_unlock
 .text.hw_claim_or_assert
                0x10000ec8       0x32 src/CMakeFiles/picow-pi7.dir/Users/jun/Documents/PMR3406/PI-7/PicoW/pico-sdk/src/rp2_common/hardware_claim/claim.c.obj
                0x10000ec8                hw_claim_or_assert
 .text.hw_claim_unused_from_range
                0x10000efa       0x50 src/CMakeFiles/picow-pi7.dir/Users/jun/Documents/PMR3406/PI-7/PicoW/pico-sdk/src/rp2_common/hardware_claim/claim.c.obj
                0x10000efa                hw_claim_unused_from_range
 *fill*         0x10000f4a        0x2 
 .text.hw_claim_clear
                0x10000f4c       0x40 src/CMakeFiles/picow-pi7.dir/Users/jun/Documents/PMR3406/PI-7/PicoW/pico-sdk/src/rp2_common/hardware_claim/claim.c.obj
                0x10000f4c                hw_claim_clear
 .text.spin_locks_reset
                0x10000f8c       0x20 src/CMakeFiles/picow-pi7.dir/Users/jun/Documents/PMR3406/PI-7/PicoW/pico-sdk/src/rp2_common/hardware_sync/sync.c.obj
                0x10000f8c                spin_locks_reset
 .text.next_striped_spin_lock_num
                0x10000fac       0x1c src/CMakeFiles/picow-pi7.dir/Users/jun/Documents/PMR3406/PI-7/PicoW/pico-sdk/src/rp2_common/hardware_sync/sync.c.obj
                0x10000fac                next_striped_spin_lock_num
 .text.spin_lock_claim
                0x10000fc8       0x18 src/CMakeFiles/picow-pi7.dir/Users/jun/Documents/PMR3406/PI-7/PicoW/pico-sdk/src/rp2_common/hardware_sync/sync.c.obj
                0x10000fc8                spin_lock_claim
 .text.spin_lock_claim_unused
                0x10000fe0       0x24 src/CMakeFiles/picow-pi7.dir/Users/jun/Documents/PMR3406/PI-7/PicoW/pico-sdk/src/rp2_common/hardware_sync/sync.c.obj
                0x10000fe0                spin_lock_claim_unused
 .text.set_raw_irq_handler_and_unlock
                0x10001004       0x28 src/CMakeFiles/picow-pi7.dir/Users/jun/Documents/PMR3406/PI-7/PicoW/pico-sdk/src/rp2_common/hardware_irq/irq.c.obj
 .text.get_user_irq_claim_index
                0x1000102c        0x6 src/CMakeFiles/picow-pi7.dir/Users/jun/Documents/PMR3406/PI-7/PicoW/pico-sdk/src/rp2_common/hardware_irq/irq.c.obj
 *fill*         0x10001032        0x2 
 .text.resolve_branch
                0x10001034       0x30 src/CMakeFiles/picow-pi7.dir/Users/jun/Documents/PMR3406/PI-7/PicoW/pico-sdk/src/rp2_common/hardware_irq/irq.c.obj
 .text.make_branch
                0x10001064       0x48 src/CMakeFiles/picow-pi7.dir/Users/jun/Documents/PMR3406/PI-7/PicoW/pico-sdk/src/rp2_common/hardware_irq/irq.c.obj
 .text.insert_branch_and_link
                0x100010ac       0x40 src/CMakeFiles/picow-pi7.dir/Users/jun/Documents/PMR3406/PI-7/PicoW/pico-sdk/src/rp2_common/hardware_irq/irq.c.obj
 .text.irq_is_enabled
                0x100010ec       0x18 src/CMakeFiles/picow-pi7.dir/Users/jun/Documents/PMR3406/PI-7/PicoW/pico-sdk/src/rp2_common/hardware_irq/irq.c.obj
                0x100010ec                irq_is_enabled
 .text.irq_set_mask_enabled
                0x10001104       0x20 src/CMakeFiles/picow-pi7.dir/Users/jun/Documents/PMR3406/PI-7/PicoW/pico-sdk/src/rp2_common/hardware_irq/irq.c.obj
                0x10001104                irq_set_mask_enabled
 .text.irq_set_enabled
                0x10001124        0xe src/CMakeFiles/picow-pi7.dir/Users/jun/Documents/PMR3406/PI-7/PicoW/pico-sdk/src/rp2_common/hardware_irq/irq.c.obj
                0x10001124                irq_set_enabled
 *fill*         0x10001132        0x2 
 .text.irq_set_pending
                0x10001134       0x10 src/CMakeFiles/picow-pi7.dir/Users/jun/Documents/PMR3406/PI-7/PicoW/pico-sdk/src/rp2_common/hardware_irq/irq.c.obj
                0x10001134                irq_set_pending
 .text.irq_get_vtable_handler
                0x10001144       0x10 src/CMakeFiles/picow-pi7.dir/Users/jun/Documents/PMR3406/PI-7/PicoW/pico-sdk/src/rp2_common/hardware_irq/irq.c.obj
                0x10001144                irq_get_vtable_handler
 .text.irq_has_shared_handler
                0x10001154       0x24 src/CMakeFiles/picow-pi7.dir/Users/jun/Documents/PMR3406/PI-7/PicoW/pico-sdk/src/rp2_common/hardware_irq/irq.c.obj
                0x10001154                irq_has_shared_handler
 .text.irq_set_exclusive_handler
                0x10001178       0x54 src/CMakeFiles/picow-pi7.dir/Users/jun/Documents/PMR3406/PI-7/PicoW/pico-sdk/src/rp2_common/hardware_irq/irq.c.obj
                0x10001178                irq_set_exclusive_handler
 .text.irq_add_shared_handler
                0x100011cc      0x210 src/CMakeFiles/picow-pi7.dir/Users/jun/Documents/PMR3406/PI-7/PicoW/pico-sdk/src/rp2_common/hardware_irq/irq.c.obj
                0x100011cc                irq_add_shared_handler
 .text.irq_remove_handler
                0x100013dc      0x188 src/CMakeFiles/picow-pi7.dir/Users/jun/Documents/PMR3406/PI-7/PicoW/pico-sdk/src/rp2_common/hardware_irq/irq.c.obj
                0x100013dc                irq_remove_handler
 .text.irq_set_priority
                0x10001564       0x28 src/CMakeFiles/picow-pi7.dir/Users/jun/Documents/PMR3406/PI-7/PicoW/pico-sdk/src/rp2_common/hardware_irq/irq.c.obj
                0x10001564                irq_set_priority
 .text.irq_add_tail_to_free_list
                0x1000158c       0xf0 src/CMakeFiles/picow-pi7.dir/Users/jun/Documents/PMR3406/PI-7/PicoW/pico-sdk/src/rp2_common/hardware_irq/irq.c.obj
                0x1000158c                irq_add_tail_to_free_list
 .text.irq_init_priorities
                0x1000167c       0x1c src/CMakeFiles/picow-pi7.dir/Users/jun/Documents/PMR3406/PI-7/PicoW/pico-sdk/src/rp2_common/hardware_irq/irq.c.obj
                0x1000167c                irq_init_priorities
 .text.user_irq_unclaim
                0x10001698       0x18 src/CMakeFiles/picow-pi7.dir/Users/jun/Documents/PMR3406/PI-7/PicoW/pico-sdk/src/rp2_common/hardware_irq/irq.c.obj
                0x10001698                user_irq_unclaim
 .text.user_irq_claim_unused
                0x100016b0       0x2c src/CMakeFiles/picow-pi7.dir/Users/jun/Documents/PMR3406/PI-7/PicoW/pico-sdk/src/rp2_common/hardware_irq/irq.c.obj
                0x100016b0                user_irq_claim_unused
 .text.sem_init
                0x100016dc       0x1e src/CMakeFiles/picow-pi7.dir/Users/jun/Documents/PMR3406/PI-7/PicoW/pico-sdk/src/common/pico_sync/sem.c.obj
                0x100016dc                sem_init
 *fill*         0x100016fa        0x2 
 .text.lock_init
                0x100016fc       0x10 src/CMakeFiles/picow-pi7.dir/Users/jun/Documents/PMR3406/PI-7/PicoW/pico-sdk/src/common/pico_sync/lock_core.c.obj
                0x100016fc                lock_init
 .text.update_us_since_boot
                0x1000170c       0x24 src/CMakeFiles/picow-pi7.dir/Users/jun/Documents/PMR3406/PI-7/PicoW/pico-sdk/src/common/pico_sync/mutex.c.obj
 .text.delayed_by_ms
                0x10001730       0x44 src/CMakeFiles/picow-pi7.dir/Users/jun/Documents/PMR3406/PI-7/PicoW/pico-sdk/src/common/pico_sync/mutex.c.obj
 .text.get_absolute_time
                0x10001774       0x22 src/CMakeFiles/picow-pi7.dir/Users/jun/Documents/PMR3406/PI-7/PicoW/pico-sdk/src/common/pico_sync/mutex.c.obj
 .text.make_timeout_time_ms
                0x10001796       0x20 src/CMakeFiles/picow-pi7.dir/Users/jun/Documents/PMR3406/PI-7/PicoW/pico-sdk/src/common/pico_sync/mutex.c.obj
 .text.mutex_init
                0x100017b6       0x1c src/CMakeFiles/picow-pi7.dir/Users/jun/Documents/PMR3406/PI-7/PicoW/pico-sdk/src/common/pico_sync/mutex.c.obj
                0x100017b6                mutex_init
 .text.recursive_mutex_init
                0x100017d2       0x20 src/CMakeFiles/picow-pi7.dir/Users/jun/Documents/PMR3406/PI-7/PicoW/pico-sdk/src/common/pico_sync/mutex.c.obj
                0x100017d2                recursive_mutex_init
 *fill*         0x100017f2        0x2 
 .text.critical_section_init_with_lock_num
                0x100017f4       0x14 src/CMakeFiles/picow-pi7.dir/Users/jun/Documents/PMR3406/PI-7/PicoW/pico-sdk/src/common/pico_sync/critical_section.c.obj
                0x100017f4                critical_section_init_with_lock_num
 .text.critical_section_init
                0x10001808       0x14 src/CMakeFiles/picow-pi7.dir/Users/jun/Documents/PMR3406/PI-7/PicoW/pico-sdk/src/common/pico_sync/critical_section.c.obj
                0x10001808                critical_section_init
 .text.time_reached
                0x1000181c       0x28 src/CMakeFiles/picow-pi7.dir/Users/jun/Documents/PMR3406/PI-7/PicoW/pico-sdk/src/common/pico_time/time.c.obj
 .text.get_entry
                0x10001844       0x38 src/CMakeFiles/picow-pi7.dir/Users/jun/Documents/PMR3406/PI-7/PicoW/pico-sdk/src/common/pico_time/time.c.obj
 .text.timer_pool_entry_comparator
                0x1000187c       0x2e src/CMakeFiles/picow-pi7.dir/Users/jun/Documents/PMR3406/PI-7/PicoW/pico-sdk/src/common/pico_time/time.c.obj
                0x1000187c                timer_pool_entry_comparator
 *fill*         0x100018aa        0x2 
 .text.update_us_since_boot
                0x100018ac       0x24 src/CMakeFiles/picow-pi7.dir/Users/jun/Documents/PMR3406/PI-7/PicoW/pico-sdk/src/common/pico_time/time.c.obj
 .text.delayed_by_us
                0x100018d0       0x34 src/CMakeFiles/picow-pi7.dir/Users/jun/Documents/PMR3406/PI-7/PicoW/pico-sdk/src/common/pico_time/time.c.obj
 .text.ph_get_node
                0x10001904       0x30 src/CMakeFiles/picow-pi7.dir/Users/jun/Documents/PMR3406/PI-7/PicoW/pico-sdk/src/common/pico_time/time.c.obj
 .text.ph_contains_node
                0x10001934       0x1e src/CMakeFiles/picow-pi7.dir/Users/jun/Documents/PMR3406/PI-7/PicoW/pico-sdk/src/common/pico_time/time.c.obj
 .text.ph_new_node
                0x10001952       0x28 src/CMakeFiles/picow-pi7.dir/Users/jun/Documents/PMR3406/PI-7/PicoW/pico-sdk/src/common/pico_time/time.c.obj
 *fill*         0x1000197a        0x2 
 .text.ph_add_child_node
                0x1000197c       0x6c src/CMakeFiles/picow-pi7.dir/Users/jun/Documents/PMR3406/PI-7/PicoW/pico-sdk/src/common/pico_time/time.c.obj
 .text.ph_merge_nodes
                0x100019e8       0x3e src/CMakeFiles/picow-pi7.dir/Users/jun/Documents/PMR3406/PI-7/PicoW/pico-sdk/src/common/pico_time/time.c.obj
 *fill*         0x10001a26        0x2 
 .text.ph_insert_node
                0x10001a28       0x3c src/CMakeFiles/picow-pi7.dir/Users/jun/Documents/PMR3406/PI-7/PicoW/pico-sdk/src/common/pico_time/time.c.obj
 .text.ph_free_node
                0x10001a64       0x5c src/CMakeFiles/picow-pi7.dir/Users/jun/Documents/PMR3406/PI-7/PicoW/pico-sdk/src/common/pico_time/time.c.obj
 .text.get_entry_id_high
                0x10001ac0       0x30 src/CMakeFiles/picow-pi7.dir/Users/jun/Documents/PMR3406/PI-7/PicoW/pico-sdk/src/common/pico_time/time.c.obj
 .text.alarm_pool_post_alloc_init
                0x10001af0       0x40 src/CMakeFiles/picow-pi7.dir/Users/jun/Documents/PMR3406/PI-7/PicoW/pico-sdk/src/common/pico_time/time.c.obj
 .text.get_absolute_time
                0x10001b30       0x22 src/CMakeFiles/picow-pi7.dir/Users/jun/Documents/PMR3406/PI-7/PicoW/pico-sdk/src/common/pico_time/time.c.obj
 .text.make_timeout_time_us
                0x10001b52       0x24 src/CMakeFiles/picow-pi7.dir/Users/jun/Documents/PMR3406/PI-7/PicoW/pico-sdk/src/common/pico_time/time.c.obj
 *fill*         0x10001b76        0x2 
 .text.add_alarm_under_lock
                0x10001b78       0x94 src/CMakeFiles/picow-pi7.dir/Users/jun/Documents/PMR3406/PI-7/PicoW/pico-sdk/src/common/pico_time/time.c.obj
 .text.alarm_pool_alarm_callback
                0x10001c0c      0x210 src/CMakeFiles/picow-pi7.dir/Users/jun/Documents/PMR3406/PI-7/PicoW/pico-sdk/src/common/pico_time/time.c.obj
 .text.sleep_until_callback
                0x10001e1c       0x28 src/CMakeFiles/picow-pi7.dir/Users/jun/Documents/PMR3406/PI-7/PicoW/pico-sdk/src/common/pico_time/time.c.obj
 .text.alarm_pool_init_default
                0x10001e44       0x40 src/CMakeFiles/picow-pi7.dir/Users/jun/Documents/PMR3406/PI-7/PicoW/pico-sdk/src/common/pico_time/time.c.obj
                0x10001e44                alarm_pool_init_default
 .text.alarm_pool_get_default
                0x10001e84       0x2c src/CMakeFiles/picow-pi7.dir/Users/jun/Documents/PMR3406/PI-7/PicoW/pico-sdk/src/common/pico_time/time.c.obj
                0x10001e84                alarm_pool_get_default
 .text.alarm_pool_create_with_unused_hardware_alarm
                0x10001eb0       0x44 src/CMakeFiles/picow-pi7.dir/Users/jun/Documents/PMR3406/PI-7/PicoW/pico-sdk/src/common/pico_time/time.c.obj
                0x10001eb0                alarm_pool_create_with_unused_hardware_alarm
 .text.alarm_pool_destroy
                0x10001ef4       0x78 src/CMakeFiles/picow-pi7.dir/Users/jun/Documents/PMR3406/PI-7/PicoW/pico-sdk/src/common/pico_time/time.c.obj
                0x10001ef4                alarm_pool_destroy
 .text.alarm_pool_add_alarm_at
                0x10001f6c      0x10e src/CMakeFiles/picow-pi7.dir/Users/jun/Documents/PMR3406/PI-7/PicoW/pico-sdk/src/common/pico_time/time.c.obj
                0x10001f6c                alarm_pool_add_alarm_at
 .text.add_alarm_at
                0x1000207a       0x2e src/CMakeFiles/picow-pi7.dir/Users/jun/Documents/PMR3406/PI-7/PicoW/pico-sdk/src/common/pico_time/time.c.obj
 .text.alarm_pool_add_alarm_at_force_in_context
                0x100020a8       0x8a src/CMakeFiles/picow-pi7.dir/Users/jun/Documents/PMR3406/PI-7/PicoW/pico-sdk/src/common/pico_time/time.c.obj
                0x100020a8                alarm_pool_add_alarm_at_force_in_context
 *fill*         0x10002132        0x2 
 .text.alarm_pool_cancel_alarm
                0x10002134       0xa8 src/CMakeFiles/picow-pi7.dir/Users/jun/Documents/PMR3406/PI-7/PicoW/pico-sdk/src/common/pico_time/time.c.obj
                0x10002134                alarm_pool_cancel_alarm
 .text.cancel_alarm
                0x100021dc       0x10 src/CMakeFiles/picow-pi7.dir/Users/jun/Documents/PMR3406/PI-7/PicoW/pico-sdk/src/common/pico_time/time.c.obj
 .text.alarm_pool_core_num
                0x100021ec        0x4 src/CMakeFiles/picow-pi7.dir/Users/jun/Documents/PMR3406/PI-7/PicoW/pico-sdk/src/common/pico_time/time.c.obj
                0x100021ec                alarm_pool_core_num
 .text.sleep_until
                0x100021f0       0xa4 src/CMakeFiles/picow-pi7.dir/Users/jun/Documents/PMR3406/PI-7/PicoW/pico-sdk/src/common/pico_time/time.c.obj
                0x100021f0                sleep_until
 .text.sleep_us
                0x10002294       0x1a src/CMakeFiles/picow-pi7.dir/Users/jun/Documents/PMR3406/PI-7/PicoW/pico-sdk/src/common/pico_time/time.c.obj
                0x10002294                sleep_us
 .text.sleep_ms
                0x100022ae       0x14 src/CMakeFiles/picow-pi7.dir/Users/jun/Documents/PMR3406/PI-7/PicoW/pico-sdk/src/common/pico_time/time.c.obj
                0x100022ae                sleep_ms
 *fill*         0x100022c2        0x2 
 .text.best_effort_wfe_or_timeout
                0x100022c4       0x44 src/CMakeFiles/picow-pi7.dir/Users/jun/Documents/PMR3406/PI-7/PicoW/pico-sdk/src/common/pico_time/time.c.obj
                0x100022c4                best_effort_wfe_or_timeout
 .text.update_us_since_boot
                0x10002308       0x24 src/CMakeFiles/picow-pi7.dir/Users/jun/Documents/PMR3406/PI-7/PicoW/pico-sdk/src/rp2_common/hardware_timer/timer.c.obj
 .text.hardware_alarm_irq_handler
                0x1000232c       0x8c src/CMakeFiles/picow-pi7.dir/Users/jun/Documents/PMR3406/PI-7/PicoW/pico-sdk/src/rp2_common/hardware_timer/timer.c.obj
 .text.hardware_alarm_claim
                0x100023b8       0x18 src/CMakeFiles/picow-pi7.dir/Users/jun/Documents/PMR3406/PI-7/PicoW/pico-sdk/src/rp2_common/hardware_timer/timer.c.obj
                0x100023b8                hardware_alarm_claim
 .text.hardware_alarm_unclaim
                0x100023d0       0x14 src/CMakeFiles/picow-pi7.dir/Users/jun/Documents/PMR3406/PI-7/PicoW/pico-sdk/src/rp2_common/hardware_timer/timer.c.obj
                0x100023d0                hardware_alarm_unclaim
 .text.hardware_alarm_claim_unused
                0x100023e4       0x24 src/CMakeFiles/picow-pi7.dir/Users/jun/Documents/PMR3406/PI-7/PicoW/pico-sdk/src/rp2_common/hardware_timer/timer.c.obj
                0x100023e4                hardware_alarm_claim_unused
 .text.time_us_64
                0x10002408       0x18 src/CMakeFiles/picow-pi7.dir/Users/jun/Documents/PMR3406/PI-7/PicoW/pico-sdk/src/rp2_common/hardware_timer/timer.c.obj
                0x10002408                time_us_64
 .text.busy_wait_until
                0x10002420       0x28 src/CMakeFiles/picow-pi7.dir/Users/jun/Documents/PMR3406/PI-7/PicoW/pico-sdk/src/rp2_common/hardware_timer/timer.c.obj
                0x10002420                busy_wait_until
 .text.busy_wait_us
                0x10002448       0x3a src/CMakeFiles/picow-pi7.dir/Users/jun/Documents/PMR3406/PI-7/PicoW/pico-sdk/src/rp2_common/hardware_timer/timer.c.obj
                0x10002448                busy_wait_us
 *fill*         0x10002482        0x2 
 .text.hardware_alarm_set_callback
                0x10002484       0x90 src/CMakeFiles/picow-pi7.dir/Users/jun/Documents/PMR3406/PI-7/PicoW/pico-sdk/src/rp2_common/hardware_timer/timer.c.obj
                0x10002484                hardware_alarm_set_callback
 .text.hardware_alarm_set_target
                0x10002514       0xe8 src/CMakeFiles/picow-pi7.dir/Users/jun/Documents/PMR3406/PI-7/PicoW/pico-sdk/src/rp2_common/hardware_timer/timer.c.obj
                0x10002514                hardware_alarm_set_target
 .text.hardware_alarm_cancel
                0x100025fc       0x40 src/CMakeFiles/picow-pi7.dir/Users/jun/Documents/PMR3406/PI-7/PicoW/pico-sdk/src/rp2_common/hardware_timer/timer.c.obj
                0x100025fc                hardware_alarm_cancel
 .text.hardware_alarm_force_irq
                0x1000263c       0x40 src/CMakeFiles/picow-pi7.dir/Users/jun/Documents/PMR3406/PI-7/PicoW/pico-sdk/src/rp2_common/hardware_timer/timer.c.obj
                0x1000263c                hardware_alarm_force_irq
 .text.ph_get_node
                0x1000267c       0x30 src/CMakeFiles/picow-pi7.dir/Users/jun/Documents/PMR3406/PI-7/PicoW/pico-sdk/src/common/pico_util/pheap.c.obj
 .text.ph_add_child_node
                0x100026ac       0x6c src/CMakeFiles/picow-pi7.dir/Users/jun/Documents/PMR3406/PI-7/PicoW/pico-sdk/src/common/pico_util/pheap.c.obj
 .text.ph_merge_nodes
                0x10002718       0x3e src/CMakeFiles/picow-pi7.dir/Users/jun/Documents/PMR3406/PI-7/PicoW/pico-sdk/src/common/pico_util/pheap.c.obj
 .text.ph_clear
                0x10002756       0x34 src/CMakeFiles/picow-pi7.dir/Users/jun/Documents/PMR3406/PI-7/PicoW/pico-sdk/src/common/pico_util/pheap.c.obj
                0x10002756                ph_clear
 .text.ph_post_alloc_init
                0x1000278a        0xe src/CMakeFiles/picow-pi7.dir/Users/jun/Documents/PMR3406/PI-7/PicoW/pico-sdk/src/common/pico_util/pheap.c.obj
                0x1000278a                ph_post_alloc_init
 .text.ph_create
                0x10002798       0x2c src/CMakeFiles/picow-pi7.dir/Users/jun/Documents/PMR3406/PI-7/PicoW/pico-sdk/src/common/pico_util/pheap.c.obj
                0x10002798                ph_create
 .text.ph_destroy
                0x100027c4       0x12 src/CMakeFiles/picow-pi7.dir/Users/jun/Documents/PMR3406/PI-7/PicoW/pico-sdk/src/common/pico_util/pheap.c.obj
                0x100027c4                ph_destroy
 .text.ph_merge_two_pass
                0x100027d6       0x5c src/CMakeFiles/picow-pi7.dir/Users/jun/Documents/PMR3406/PI-7/PicoW/pico-sdk/src/common/pico_util/pheap.c.obj
                0x100027d6                ph_merge_two_pass
 *fill*         0x10002832        0x2 
 .text.ph_remove_any_head
                0x10002834       0xc0 src/CMakeFiles/picow-pi7.dir/Users/jun/Documents/PMR3406/PI-7/PicoW/pico-sdk/src/common/pico_util/pheap.c.obj
 .text.ph_remove_head
                0x100028f4       0x14 src/CMakeFiles/picow-pi7.dir/Users/jun/Documents/PMR3406/PI-7/PicoW/pico-sdk/src/common/pico_util/pheap.c.obj
                0x100028f4                ph_remove_head
 .text.ph_remove_and_free_node
                0x10002908       0xa0 src/CMakeFiles/picow-pi7.dir/Users/jun/Documents/PMR3406/PI-7/PicoW/pico-sdk/src/common/pico_util/pheap.c.obj
                0x10002908                ph_remove_and_free_node
 .text.uart_disable_before_lcr_write
                0x100029a8       0x48 src/CMakeFiles/picow-pi7.dir/Users/jun/Documents/PMR3406/PI-7/PicoW/pico-sdk/src/rp2_common/hardware_uart/uart.c.obj
 .text.uart_write_lcr_bits_masked
                0x100029f0       0x22 src/CMakeFiles/picow-pi7.dir/Users/jun/Documents/PMR3406/PI-7/PicoW/pico-sdk/src/rp2_common/hardware_uart/uart.c.obj
 *fill*         0x10002a12        0x2 
 .text.uart_set_baudrate
                0x10002a14       0x5c src/CMakeFiles/picow-pi7.dir/Users/jun/Documents/PMR3406/PI-7/PicoW/pico-sdk/src/rp2_common/hardware_uart/uart.c.obj
                0x10002a14                uart_set_baudrate
 .text.uart_set_format
                0x10002a70       0x2c src/CMakeFiles/picow-pi7.dir/Users/jun/Documents/PMR3406/PI-7/PicoW/pico-sdk/src/rp2_common/hardware_uart/uart.c.obj
                0x10002a70                uart_set_format
 .text.uart_set_translate_crlf
                0x10002a9c       0x28 src/CMakeFiles/picow-pi7.dir/Users/jun/Documents/PMR3406/PI-7/PicoW/pico-sdk/src/rp2_common/hardware_uart/uart.c.obj
                0x10002a9c                uart_set_translate_crlf
 .text.uart_init
                0x10002ac4       0x80 src/CMakeFiles/picow-pi7.dir/Users/jun/Documents/PMR3406/PI-7/PicoW/pico-sdk/src/rp2_common/hardware_uart/uart.c.obj
                0x10002ac4                uart_init
 .text.clock_configure
                0x10002b44      0x108 src/CMakeFiles/picow-pi7.dir/Users/jun/Documents/PMR3406/PI-7/PicoW/pico-sdk/src/rp2_common/hardware_clocks/clocks.c.obj
                0x10002b44                clock_configure
 .text.clocks_init
                0x10002c4c      0x100 src/CMakeFiles/picow-pi7.dir/Users/jun/Documents/PMR3406/PI-7/PicoW/pico-sdk/src/rp2_common/hardware_clocks/clocks.c.obj
                0x10002c4c                clocks_init
 .text.clock_get_hz
                0x10002d4c        0xc src/CMakeFiles/picow-pi7.dir/Users/jun/Documents/PMR3406/PI-7/PicoW/pico-sdk/src/rp2_common/hardware_clocks/clocks.c.obj
                0x10002d4c                clock_get_hz
 .text.pll_init
                0x10002d58      0x120 src/CMakeFiles/picow-pi7.dir/Users/jun/Documents/PMR3406/PI-7/PicoW/pico-sdk/src/rp2_common/hardware_pll/pll.c.obj
                0x10002d58                pll_init
 .text.watchdog_start_tick
                0x10002e78       0x10 src/CMakeFiles/picow-pi7.dir/Users/jun/Documents/PMR3406/PI-7/PicoW/pico-sdk/src/rp2_common/hardware_watchdog/watchdog.c.obj
                0x10002e78                watchdog_start_tick
 .text.watchdog_update
                0x10002e88       0x14 src/CMakeFiles/picow-pi7.dir/Users/jun/Documents/PMR3406/PI-7/PicoW/pico-sdk/src/rp2_common/hardware_watchdog/watchdog.c.obj
                0x10002e88                watchdog_update
 .text._watchdog_enable
                0x10002e9c       0x78 src/CMakeFiles/picow-pi7.dir/Users/jun/Documents/PMR3406/PI-7/PicoW/pico-sdk/src/rp2_common/hardware_watchdog/watchdog.c.obj
                0x10002e9c                _watchdog_enable
 .text.watchdog_reboot
                0x10002f14       0x48 src/CMakeFiles/picow-pi7.dir/Users/jun/Documents/PMR3406/PI-7/PicoW/pico-sdk/src/rp2_common/hardware_watchdog/watchdog.c.obj
                0x10002f14                watchdog_reboot
 .text.xosc_init
                0x10002f5c       0x28 src/CMakeFiles/picow-pi7.dir/Users/jun/Documents/PMR3406/PI-7/PicoW/pico-sdk/src/rp2_common/hardware_xosc/xosc.c.obj
                0x10002f5c                xosc_init
 .text._exit    0x10002f84        0x4 src/CMakeFiles/picow-pi7.dir/Users/jun/Documents/PMR3406/PI-7/PicoW/pico-sdk/src/rp2_common/pico_runtime/runtime.c.obj
                0x10002f84                _exit
 .text._sbrk    0x10002f88       0x38 src/CMakeFiles/picow-pi7.dir/Users/jun/Documents/PMR3406/PI-7/PicoW/pico-sdk/src/rp2_common/pico_runtime/runtime.c.obj
                0x10002f88                _sbrk
 .text.exit     0x10002fc0        0x6 src/CMakeFiles/picow-pi7.dir/Users/jun/Documents/PMR3406/PI-7/PicoW/pico-sdk/src/rp2_common/pico_runtime/runtime.c.obj
                0x10002fc0                exit
 *fill*         0x10002fc6        0x2 
 .text.__assert_func
                0x10002fc8       0x38 src/CMakeFiles/picow-pi7.dir/Users/jun/Documents/PMR3406/PI-7/PicoW/pico-sdk/src/rp2_common/pico_runtime/runtime.c.obj
                0x10002fc8                __assert_func
 .text.runtime_init
                0x10003000       0xf8 src/CMakeFiles/picow-pi7.dir/Users/jun/Documents/PMR3406/PI-7/PicoW/pico-sdk/src/rp2_common/pico_runtime/runtime.c.obj
                0x10003000                runtime_init
 .text.panic    0x100030f8       0x30 src/CMakeFiles/picow-pi7.dir/Users/jun/Documents/PMR3406/PI-7/PicoW/pico-sdk/src/rp2_common/pico_runtime/runtime.c.obj
                0x100030f8                panic
 .text.panic_unsupported
                0x10003128        0xc src/CMakeFiles/picow-pi7.dir/Users/jun/Documents/PMR3406/PI-7/PicoW/pico-sdk/src/rp2_common/pico_runtime/runtime.c.obj
                0x10003128                panic_unsupported
 .text._out_buffer
                0x10003134        0x8 src/CMakeFiles/picow-pi7.dir/Users/jun/Documents/PMR3406/PI-7/PicoW/pico-sdk/src/rp2_common/pico_printf/printf.c.obj
 .text._out_null
                0x1000313c        0x2 src/CMakeFiles/picow-pi7.dir/Users/jun/Documents/PMR3406/PI-7/PicoW/pico-sdk/src/rp2_common/pico_printf/printf.c.obj
 .text._out_fct
                0x1000313e        0xe src/CMakeFiles/picow-pi7.dir/Users/jun/Documents/PMR3406/PI-7/PicoW/pico-sdk/src/rp2_common/pico_printf/printf.c.obj
 .text._atoi    0x1000314c       0x24 src/CMakeFiles/picow-pi7.dir/Users/jun/Documents/PMR3406/PI-7/PicoW/pico-sdk/src/rp2_common/pico_printf/printf.c.obj
 .text._out_rev
                0x10003170       0xae src/CMakeFiles/picow-pi7.dir/Users/jun/Documents/PMR3406/PI-7/PicoW/pico-sdk/src/rp2_common/pico_printf/printf.c.obj
 .text._ntoa_format
                0x1000321e      0x110 src/CMakeFiles/picow-pi7.dir/Users/jun/Documents/PMR3406/PI-7/PicoW/pico-sdk/src/rp2_common/pico_printf/printf.c.obj
 .text._ntoa_long
                0x1000332e       0xbc src/CMakeFiles/picow-pi7.dir/Users/jun/Documents/PMR3406/PI-7/PicoW/pico-sdk/src/rp2_common/pico_printf/printf.c.obj
 .text._ntoa_long_long
                0x100033ea      0x10e src/CMakeFiles/picow-pi7.dir/Users/jun/Documents/PMR3406/PI-7/PicoW/pico-sdk/src/rp2_common/pico_printf/printf.c.obj
 .text._etoa    0x100034f8      0x420 src/CMakeFiles/picow-pi7.dir/Users/jun/Documents/PMR3406/PI-7/PicoW/pico-sdk/src/rp2_common/pico_printf/printf.c.obj
 .text._ftoa    0x10003918      0x354 src/CMakeFiles/picow-pi7.dir/Users/jun/Documents/PMR3406/PI-7/PicoW/pico-sdk/src/rp2_common/pico_printf/printf.c.obj
 .text._vsnprintf
                0x10003c6c      0x65c src/CMakeFiles/picow-pi7.dir/Users/jun/Documents/PMR3406/PI-7/PicoW/pico-sdk/src/rp2_common/pico_printf/printf.c.obj
 .text.__wrap_sprintf
                0x100042c8       0x2c src/CMakeFiles/picow-pi7.dir/Users/jun/Documents/PMR3406/PI-7/PicoW/pico-sdk/src/rp2_common/pico_printf/printf.c.obj
                0x100042c8                __wrap_sprintf
 .text.vfctprintf
                0x100042f4       0x20 src/CMakeFiles/picow-pi7.dir/Users/jun/Documents/PMR3406/PI-7/PicoW/pico-sdk/src/rp2_common/pico_printf/printf.c.obj
                0x100042f4                vfctprintf
 .text          0x10004314       0x10 src/CMakeFiles/picow-pi7.dir/Users/jun/Documents/PMR3406/PI-7/PicoW/pico-sdk/src/rp2_common/pico_bit_ops/bit_ops_aeabi.S.obj
 .text.ctzsi    0x10004324        0xc src/CMakeFiles/picow-pi7.dir/Users/jun/Documents/PMR3406/PI-7/PicoW/pico-sdk/src/rp2_common/pico_bit_ops/bit_ops_aeabi.S.obj
                0x10004324                __wrap___ctzsi2
 .text.rom_func_lookup
                0x10004330       0x10 src/CMakeFiles/picow-pi7.dir/Users/jun/Documents/PMR3406/PI-7/PicoW/pico-sdk/src/rp2_common/pico_bootrom/bootrom.c.obj
                0x10004330                rom_func_lookup
 .text.rom_data_lookup
                0x10004340       0x10 src/CMakeFiles/picow-pi7.dir/Users/jun/Documents/PMR3406/PI-7/PicoW/pico-sdk/src/rp2_common/pico_bootrom/bootrom.c.obj
                0x10004340                rom_data_lookup
 .text.rom_funcs_lookup
                0x10004350       0x36 src/CMakeFiles/picow-pi7.dir/Users/jun/Documents/PMR3406/PI-7/PicoW/pico-sdk/src/rp2_common/pico_bootrom/bootrom.c.obj
                0x10004350                rom_funcs_lookup
 *fill*         0x10004386        0x2 
 .text.__wrap___aeabi_idiv
                0x10004388       0x50 src/CMakeFiles/picow-pi7.dir/Users/jun/Documents/PMR3406/PI-7/PicoW/pico-sdk/src/rp2_common/pico_divider/divider.S.obj
                0x10004388                __wrap___aeabi_idivmod
                0x10004388                divmod_s32s32
                0x10004388                div_s32s32
                0x10004388                __wrap___aeabi_idiv
                0x10004390                divmod_s32s32_unsafe
                0x100043bc                divmod_s32s32_savestate
 .text.__wrap___aeabi_uidiv
                0x100043d8       0x4c src/CMakeFiles/picow-pi7.dir/Users/jun/Documents/PMR3406/PI-7/PicoW/pico-sdk/src/rp2_common/pico_divider/divider.S.obj
                0x100043d8                __wrap___aeabi_uidiv
                0x100043d8                __wrap___aeabi_uidivmod
                0x100043d8                div_u32u32
                0x100043d8                divmod_u32u32
                0x100043e0                divmod_u32u32_unsafe
                0x10004408                divmod_u32u32_savestate
 .text.__wrap___aeabi_ldiv
                0x10004424      0x424 src/CMakeFiles/picow-pi7.dir/Users/jun/Documents/PMR3406/PI-7/PicoW/pico-sdk/src/rp2_common/pico_divider/divider.S.obj
                0x10004424                __wrap___aeabi_ldivmod
                0x10004424                div_s64s64
                0x10004424                divmod_s64s64
                0x10004454                divmod_u64u64
                0x10004454                div_u64u64
                0x10004454                __wrap___aeabi_uldivmod
                0x10004464                divmod_u64u64_savestate
                0x10004484                divmod_s64s64_unsafe
                0x1000450c                divmod_u64u64_unsafe
 .text.__wrap___aeabi_darithmetic
                0x10004848       0x60 src/CMakeFiles/picow-pi7.dir/Users/jun/Documents/PMR3406/PI-7/PicoW/pico-sdk/src/rp2_common/pico_double/double_aeabi.S.obj
                0x10004848                __wrap___aeabi_drsub
                0x1000484e                __wrap___aeabi_dsub
                0x10004858                __wrap___aeabi_dadd
                0x10004862                __wrap___aeabi_ddiv
                0x10004896                __wrap___aeabi_dmul
 .text.__wrap___aeabi_cdcmple
                0x100048a8       0x6c src/CMakeFiles/picow-pi7.dir/Users/jun/Documents/PMR3406/PI-7/PicoW/pico-sdk/src/rp2_common/pico_double/double_aeabi.S.obj
                0x100048a8                __wrap___aeabi_cdrcmple
                0x100048b8                __wrap___aeabi_cdcmple
                0x100048b8                __wrap___aeabi_cdcmpeq
 .text.__wrap___aeabi_dcmplt
                0x10004914        0xc src/CMakeFiles/picow-pi7.dir/Users/jun/Documents/PMR3406/PI-7/PicoW/pico-sdk/src/rp2_common/pico_double/double_aeabi.S.obj
                0x10004914                __wrap___aeabi_dcmplt
 .text.__wrap___aeabi_dcmple
                0x10004920       0x10 src/CMakeFiles/picow-pi7.dir/Users/jun/Documents/PMR3406/PI-7/PicoW/pico-sdk/src/rp2_common/pico_double/double_aeabi.S.obj
                0x10004920                __wrap___aeabi_dcmple
 .text.__wrap___aeabi_dcmpge
                0x10004930       0x10 src/CMakeFiles/picow-pi7.dir/Users/jun/Documents/PMR3406/PI-7/PicoW/pico-sdk/src/rp2_common/pico_double/double_aeabi.S.obj
                0x10004930                __wrap___aeabi_dcmpge
 .text.__wrap___aeabi_dcmpgt
                0x10004940        0xa src/CMakeFiles/picow-pi7.dir/Users/jun/Documents/PMR3406/PI-7/PicoW/pico-sdk/src/rp2_common/pico_double/double_aeabi.S.obj
                0x10004940                __wrap___aeabi_dcmpgt
 .text.__wrap___aeabi_dcmpun
                0x1000494a       0x1c src/CMakeFiles/picow-pi7.dir/Users/jun/Documents/PMR3406/PI-7/PicoW/pico-sdk/src/rp2_common/pico_double/double_aeabi.S.obj
                0x1000494a                __wrap___aeabi_dcmpun
 *fill*         0x10004966        0x2 
 .text.__wrap___aeabi_i2d
                0x10004968       0x38 src/CMakeFiles/picow-pi7.dir/Users/jun/Documents/PMR3406/PI-7/PicoW/pico-sdk/src/rp2_common/pico_double/double_aeabi.S.obj
                0x10004968                __wrap___aeabi_ui2d
                0x10004970                __wrap___aeabi_i2d
 .text.__wrap___aeabi_d2iz
                0x100049a0       0x48 src/CMakeFiles/picow-pi7.dir/Users/jun/Documents/PMR3406/PI-7/PicoW/pico-sdk/src/rp2_common/pico_double/double_aeabi.S.obj
                0x100049a0                __wrap___aeabi_d2iz
                0x100049a0                double2int_z
 .text.__wrap___aeabi_d2uiz
                0x100049e8       0x10 src/CMakeFiles/picow-pi7.dir/Users/jun/Documents/PMR3406/PI-7/PicoW/pico-sdk/src/rp2_common/pico_double/double_aeabi.S.obj
                0x100049e8                double2uint
                0x100049e8                __wrap___aeabi_d2uiz
 .text.missing_double_func_shim
                0x100049f8        0xc src/CMakeFiles/picow-pi7.dir/Users/jun/Documents/PMR3406/PI-7/PicoW/pico-sdk/src/rp2_common/pico_double/double_init_rom.c.obj
 .text.__aeabi_double_init
                0x10004a04       0xd0 src/CMakeFiles/picow-pi7.dir/Users/jun/Documents/PMR3406/PI-7/PicoW/pico-sdk/src/rp2_common/pico_double/double_init_rom.c.obj
                0x10004a04                __aeabi_double_init
 .text.double_table_shim_on_use_helper
                0x10004ad4       0x34 src/CMakeFiles/picow-pi7.dir/Users/jun/Documents/PMR3406/PI-7/PicoW/pico-sdk/src/rp2_common/pico_double/double_v1_rom_shim.S.obj
                0x10004ad4                double_table_shim_on_use_helper
 .text.__aeabi_lmul
                0x10004b08       0x32 src/CMakeFiles/picow-pi7.dir/Users/jun/Documents/PMR3406/PI-7/PicoW/pico-sdk/src/rp2_common/pico_int64_ops/pico_int64_ops_aeabi.S.obj
                0x10004b08                __wrap___aeabi_lmul
 .text.__wrap___aeabi_f2iz
                0x10004b3a       0x4e src/CMakeFiles/picow-pi7.dir/Users/jun/Documents/PMR3406/PI-7/PicoW/pico-sdk/src/rp2_common/pico_float/float_aeabi.S.obj
                0x10004b3a                __wrap___aeabi_f2iz
                0x10004b3a                float2int_z
 .text.float2int
                0x10004b88        0xc src/CMakeFiles/picow-pi7.dir/Users/jun/Documents/PMR3406/PI-7/PicoW/pico-sdk/src/rp2_common/pico_float/float_aeabi.S.obj
                0x10004b88                float2int
 .text.__wrap___aeabi_f2uiz
                0x10004b94        0xc src/CMakeFiles/picow-pi7.dir/Users/jun/Documents/PMR3406/PI-7/PicoW/pico-sdk/src/rp2_common/pico_float/float_aeabi.S.obj
                0x10004b94                __wrap___aeabi_f2uiz
 .text.__wrap___aeabi_f2d
                0x10004ba0        0xc src/CMakeFiles/picow-pi7.dir/Users/jun/Documents/PMR3406/PI-7/PicoW/pico-sdk/src/rp2_common/pico_float/float_aeabi.S.obj
                0x10004ba0                __wrap___aeabi_f2d
 .text.missing_float_func_shim
                0x10004bac        0xc src/CMakeFiles/picow-pi7.dir/Users/jun/Documents/PMR3406/PI-7/PicoW/pico-sdk/src/rp2_common/pico_float/float_init_rom.c.obj
 .text.__aeabi_float_init
                0x10004bb8       0x88 src/CMakeFiles/picow-pi7.dir/Users/jun/Documents/PMR3406/PI-7/PicoW/pico-sdk/src/rp2_common/pico_float/float_init_rom.c.obj
                0x10004bb8                __aeabi_float_init
 .text.check_alloc
                0x10004c40       0x20 src/CMakeFiles/picow-pi7.dir/Users/jun/Documents/PMR3406/PI-7/PicoW/pico-sdk/src/rp2_common/pico_malloc/pico_malloc.c.obj
 .text.__wrap_malloc
                0x10004c60       0x2c src/CMakeFiles/picow-pi7.dir/Users/jun/Documents/PMR3406/PI-7/PicoW/pico-sdk/src/rp2_common/pico_malloc/pico_malloc.c.obj
                0x10004c60                __wrap_malloc
 .text.__wrap_calloc
                0x10004c8c       0x30 src/CMakeFiles/picow-pi7.dir/Users/jun/Documents/PMR3406/PI-7/PicoW/pico-sdk/src/rp2_common/pico_malloc/pico_malloc.c.obj
                0x10004c8c                __wrap_calloc
 .text.__wrap_free
                0x10004cbc       0x20 src/CMakeFiles/picow-pi7.dir/Users/jun/Documents/PMR3406/PI-7/PicoW/pico-sdk/src/rp2_common/pico_malloc/pico_malloc.c.obj
                0x10004cbc                __wrap_free
 .text          0x10004cdc       0x10 src/CMakeFiles/picow-pi7.dir/Users/jun/Documents/PMR3406/PI-7/PicoW/pico-sdk/src/rp2_common/pico_mem_ops/mem_ops_aeabi.S.obj
                0x10004cdc                __aeabi_mem_init
 .text.memset   0x10004cec        0xc src/CMakeFiles/picow-pi7.dir/Users/jun/Documents/PMR3406/PI-7/PicoW/pico-sdk/src/rp2_common/pico_mem_ops/mem_ops_aeabi.S.obj
                0x10004cec                __wrap_memset
 .text.memcpy   0x10004cf8        0xc src/CMakeFiles/picow-pi7.dir/Users/jun/Documents/PMR3406/PI-7/PicoW/pico-sdk/src/rp2_common/pico_mem_ops/mem_ops_aeabi.S.obj
                0x10004cf8                __wrap___aeabi_memcpy
                0x10004cf8                __wrap_memcpy
 .text.time_reached
                0x10004d04       0x28 src/CMakeFiles/picow-pi7.dir/Users/jun/Documents/PMR3406/PI-7/PicoW/pico-sdk/src/rp2_common/pico_stdio/stdio.c.obj
 .text.stdio_out_chars_no_crlf
                0x10004d2c        0xe src/CMakeFiles/picow-pi7.dir/Users/jun/Documents/PMR3406/PI-7/PicoW/pico-sdk/src/rp2_common/pico_stdio/stdio.c.obj
 *fill*         0x10004d3a        0x2 
 .text.stdio_out_chars_crlf
                0x10004d3c       0x80 src/CMakeFiles/picow-pi7.dir/Users/jun/Documents/PMR3406/PI-7/PicoW/pico-sdk/src/rp2_common/pico_stdio/stdio.c.obj
 .text.stdio_stack_buffer_flush
                0x10004dbc       0x44 src/CMakeFiles/picow-pi7.dir/Users/jun/Documents/PMR3406/PI-7/PicoW/pico-sdk/src/rp2_common/pico_stdio/stdio.c.obj
 .text.stdio_buffered_printer
                0x10004e00       0x20 src/CMakeFiles/picow-pi7.dir/Users/jun/Documents/PMR3406/PI-7/PicoW/pico-sdk/src/rp2_common/pico_stdio/stdio.c.obj
 .text.update_us_since_boot
                0x10004e20       0x24 src/CMakeFiles/picow-pi7.dir/Users/jun/Documents/PMR3406/PI-7/PicoW/pico-sdk/src/rp2_common/pico_stdio/stdio.c.obj
 .text.get_absolute_time
                0x10004e44       0x22 src/CMakeFiles/picow-pi7.dir/Users/jun/Documents/PMR3406/PI-7/PicoW/pico-sdk/src/rp2_common/pico_stdio/stdio.c.obj
 *fill*         0x10004e66        0x2 
 .text.delayed_by_ms
                0x10004e68       0x44 src/CMakeFiles/picow-pi7.dir/Users/jun/Documents/PMR3406/PI-7/PicoW/pico-sdk/src/rp2_common/pico_stdio/stdio.c.obj
 .text.make_timeout_time_ms
                0x10004eac       0x20 src/CMakeFiles/picow-pi7.dir/Users/jun/Documents/PMR3406/PI-7/PicoW/pico-sdk/src/rp2_common/pico_stdio/stdio.c.obj
 .text.delayed_by_us
                0x10004ecc       0x34 src/CMakeFiles/picow-pi7.dir/Users/jun/Documents/PMR3406/PI-7/PicoW/pico-sdk/src/rp2_common/pico_stdio/stdio.c.obj
 .text.make_timeout_time_us
                0x10004f00       0x24 src/CMakeFiles/picow-pi7.dir/Users/jun/Documents/PMR3406/PI-7/PicoW/pico-sdk/src/rp2_common/pico_stdio/stdio.c.obj
 .text.stdio_get_until
                0x10004f24       0x64 src/CMakeFiles/picow-pi7.dir/Users/jun/Documents/PMR3406/PI-7/PicoW/pico-sdk/src/rp2_common/pico_stdio/stdio.c.obj
 .text.stdout_serialize_begin
                0x10004f88       0x20 src/CMakeFiles/picow-pi7.dir/Users/jun/Documents/PMR3406/PI-7/PicoW/pico-sdk/src/rp2_common/pico_stdio/stdio.c.obj
                0x10004f88                stdout_serialize_begin
 .text.stdout_serialize_end
                0x10004fa8       0x10 src/CMakeFiles/picow-pi7.dir/Users/jun/Documents/PMR3406/PI-7/PicoW/pico-sdk/src/rp2_common/pico_stdio/stdio.c.obj
                0x10004fa8                stdout_serialize_end
 .text.stdio_put_string
                0x10004fb8       0x98 src/CMakeFiles/picow-pi7.dir/Users/jun/Documents/PMR3406/PI-7/PicoW/pico-sdk/src/rp2_common/pico_stdio/stdio.c.obj
 .text.__wrap_putchar
                0x10005050       0x1c src/CMakeFiles/picow-pi7.dir/Users/jun/Documents/PMR3406/PI-7/PicoW/pico-sdk/src/rp2_common/pico_stdio/stdio.c.obj
                0x10005050                __wrap_putchar
 .text.putchar_raw
                0x1000506c       0x1c src/CMakeFiles/picow-pi7.dir/Users/jun/Documents/PMR3406/PI-7/PicoW/pico-sdk/src/rp2_common/pico_stdio/stdio.c.obj
                0x1000506c                putchar_raw
 .text._read    0x10005088       0x24 src/CMakeFiles/picow-pi7.dir/Users/jun/Documents/PMR3406/PI-7/PicoW/pico-sdk/src/rp2_common/pico_stdio/stdio.c.obj
                0x10005088                _read
 .text._write   0x100050ac       0x22 src/CMakeFiles/picow-pi7.dir/Users/jun/Documents/PMR3406/PI-7/PicoW/pico-sdk/src/rp2_common/pico_stdio/stdio.c.obj
                0x100050ac                _write
 .text._close   0x100050ce        0x6 src/CMakeFiles/picow-pi7.dir/Users/jun/Documents/PMR3406/PI-7/PicoW/pico-sdk/src/rp2_common/pico_stdio/stdio.c.obj
                0x100050ce                _close
 .text._lseek   0x100050d4        0x6 src/CMakeFiles/picow-pi7.dir/Users/jun/Documents/PMR3406/PI-7/PicoW/pico-sdk/src/rp2_common/pico_stdio/stdio.c.obj
                0x100050d4                _lseek
 .text._fstat   0x100050da        0x6 src/CMakeFiles/picow-pi7.dir/Users/jun/Documents/PMR3406/PI-7/PicoW/pico-sdk/src/rp2_common/pico_stdio/stdio.c.obj
                0x100050da                _fstat
 .text._isatty  0x100050e0        0xc src/CMakeFiles/picow-pi7.dir/Users/jun/Documents/PMR3406/PI-7/PicoW/pico-sdk/src/rp2_common/pico_stdio/stdio.c.obj
                0x100050e0                _isatty
 .text.stdio_set_driver_enabled
                0x100050ec       0x2c src/CMakeFiles/picow-pi7.dir/Users/jun/Documents/PMR3406/PI-7/PicoW/pico-sdk/src/rp2_common/pico_stdio/stdio.c.obj
                0x100050ec                stdio_set_driver_enabled
 .text.stdio_flush
                0x10005118       0x20 src/CMakeFiles/picow-pi7.dir/Users/jun/Documents/PMR3406/PI-7/PicoW/pico-sdk/src/rp2_common/pico_stdio/stdio.c.obj
                0x10005118                stdio_flush
 .text.__wrap_puts
                0x10005138       0x1e src/CMakeFiles/picow-pi7.dir/Users/jun/Documents/PMR3406/PI-7/PicoW/pico-sdk/src/rp2_common/pico_stdio/stdio.c.obj
                0x10005138                __wrap_puts
 *fill*         0x10005156        0x2 
 .text.__wrap_vprintf
                0x10005158       0x40 src/CMakeFiles/picow-pi7.dir/Users/jun/Documents/PMR3406/PI-7/PicoW/pico-sdk/src/rp2_common/pico_stdio/stdio.c.obj
                0x10005158                __wrap_vprintf
 .text.__wrap_printf
                0x10005198       0x18 src/CMakeFiles/picow-pi7.dir/Users/jun/Documents/PMR3406/PI-7/PicoW/pico-sdk/src/rp2_common/pico_stdio/stdio.c.obj
                0x10005198                __wrap_printf
 .text.getchar_timeout_us
                0x100051b0       0x44 src/CMakeFiles/picow-pi7.dir/Users/jun/Documents/PMR3406/PI-7/PicoW/pico-sdk/src/rp2_common/pico_stdio/stdio.c.obj
                0x100051b0                getchar_timeout_us
 .text.resetd_init
                0x100051f4        0x2 src/CMakeFiles/picow-pi7.dir/Users/jun/Documents/PMR3406/PI-7/PicoW/pico-sdk/src/rp2_common/pico_stdio_usb/reset_interface.c.obj
 *fill*         0x100051f6        0x2 
 .text.resetd_reset
                0x100051f8        0xc src/CMakeFiles/picow-pi7.dir/Users/jun/Documents/PMR3406/PI-7/PicoW/pico-sdk/src/rp2_common/pico_stdio_usb/reset_interface.c.obj
 .text.resetd_open
                0x10005204       0x34 src/CMakeFiles/picow-pi7.dir/Users/jun/Documents/PMR3406/PI-7/PicoW/pico-sdk/src/rp2_common/pico_stdio_usb/reset_interface.c.obj
 .text.resetd_xfer_cb
                0x10005238        0x4 src/CMakeFiles/picow-pi7.dir/Users/jun/Documents/PMR3406/PI-7/PicoW/pico-sdk/src/rp2_common/pico_stdio_usb/reset_interface.c.obj
 .text.reset_usb_boot
                0x1000523c       0x18 src/CMakeFiles/picow-pi7.dir/Users/jun/Documents/PMR3406/PI-7/PicoW/pico-sdk/src/rp2_common/pico_stdio_usb/reset_interface.c.obj
 .text.resetd_control_xfer_cb
                0x10005254       0x5c src/CMakeFiles/picow-pi7.dir/Users/jun/Documents/PMR3406/PI-7/PicoW/pico-sdk/src/rp2_common/pico_stdio_usb/reset_interface.c.obj
 .text.usbd_app_driver_get_cb
                0x100052b0        0xc src/CMakeFiles/picow-pi7.dir/Users/jun/Documents/PMR3406/PI-7/PicoW/pico-sdk/src/rp2_common/pico_stdio_usb/reset_interface.c.obj
                0x100052b0                usbd_app_driver_get_cb
 .text.tud_cdc_line_coding_cb
                0x100052bc       0x28 src/CMakeFiles/picow-pi7.dir/Users/jun/Documents/PMR3406/PI-7/PicoW/pico-sdk/src/rp2_common/pico_stdio_usb/reset_interface.c.obj
                0x100052bc                tud_cdc_line_coding_cb
 .text.stdio_usb_set_chars_available_callback
                0x100052e4       0x14 src/CMakeFiles/picow-pi7.dir/Users/jun/Documents/PMR3406/PI-7/PicoW/pico-sdk/src/rp2_common/pico_stdio_usb/stdio_usb.c.obj
                0x100052e4                stdio_usb_set_chars_available_callback
 .text.update_us_since_boot
                0x100052f8       0x24 src/CMakeFiles/picow-pi7.dir/Users/jun/Documents/PMR3406/PI-7/PicoW/pico-sdk/src/rp2_common/pico_stdio_usb/stdio_usb.c.obj
 .text.get_absolute_time
                0x1000531c       0x22 src/CMakeFiles/picow-pi7.dir/Users/jun/Documents/PMR3406/PI-7/PicoW/pico-sdk/src/rp2_common/pico_stdio_usb/stdio_usb.c.obj
 *fill*         0x1000533e        0x2 
 .text.delayed_by_ms
                0x10005340       0x44 src/CMakeFiles/picow-pi7.dir/Users/jun/Documents/PMR3406/PI-7/PicoW/pico-sdk/src/rp2_common/pico_stdio_usb/stdio_usb.c.obj
 .text.make_timeout_time_ms
                0x10005384       0x20 src/CMakeFiles/picow-pi7.dir/Users/jun/Documents/PMR3406/PI-7/PicoW/pico-sdk/src/rp2_common/pico_stdio_usb/stdio_usb.c.obj
 .text.delayed_by_us
                0x100053a4       0x34 src/CMakeFiles/picow-pi7.dir/Users/jun/Documents/PMR3406/PI-7/PicoW/pico-sdk/src/rp2_common/pico_stdio_usb/stdio_usb.c.obj
 .text.usb_irq  0x100053d8       0x10 src/CMakeFiles/picow-pi7.dir/Users/jun/Documents/PMR3406/PI-7/PicoW/pico-sdk/src/rp2_common/pico_stdio_usb/stdio_usb.c.obj
 .text.critical_section_enter_blocking
                0x100053e8       0x16 src/CMakeFiles/picow-pi7.dir/Users/jun/Documents/PMR3406/PI-7/PicoW/pico-sdk/src/rp2_common/pico_stdio_usb/stdio_usb.c.obj
 *fill*         0x100053fe        0x2 
 .text.timer_task
                0x10005400       0x4c src/CMakeFiles/picow-pi7.dir/Users/jun/Documents/PMR3406/PI-7/PicoW/pico-sdk/src/rp2_common/pico_stdio_usb/stdio_usb.c.obj
 .text.alarm_pool_add_alarm_in_us
                0x1000544c       0x3a src/CMakeFiles/picow-pi7.dir/Users/jun/Documents/PMR3406/PI-7/PicoW/pico-sdk/src/rp2_common/pico_stdio_usb/stdio_usb.c.obj
 .text.add_alarm_in_us
                0x10005486       0x2e src/CMakeFiles/picow-pi7.dir/Users/jun/Documents/PMR3406/PI-7/PicoW/pico-sdk/src/rp2_common/pico_stdio_usb/stdio_usb.c.obj
 .text.low_priority_worker_irq
                0x100054b4       0x7c src/CMakeFiles/picow-pi7.dir/Users/jun/Documents/PMR3406/PI-7/PicoW/pico-sdk/src/rp2_common/pico_stdio_usb/stdio_usb.c.obj
 .text.tud_cdc_rx_cb
                0x10005530       0x20 src/CMakeFiles/picow-pi7.dir/Users/jun/Documents/PMR3406/PI-7/PicoW/pico-sdk/src/rp2_common/pico_stdio_usb/stdio_usb.c.obj
                0x10005530                tud_cdc_rx_cb
 .text.stdio_usb_init
                0x10005550       0xd0 src/CMakeFiles/picow-pi7.dir/Users/jun/Documents/PMR3406/PI-7/PicoW/pico-sdk/src/rp2_common/pico_stdio_usb/stdio_usb.c.obj
                0x10005550                stdio_usb_init
 .text.stdio_usb_connected
                0x10005620        0xa src/CMakeFiles/picow-pi7.dir/Users/jun/Documents/PMR3406/PI-7/PicoW/pico-sdk/src/rp2_common/pico_stdio_usb/stdio_usb.c.obj
                0x10005620                stdio_usb_connected
 *fill*         0x1000562a        0x2 
 .text.stdio_usb_in_chars
                0x1000562c       0x88 src/CMakeFiles/picow-pi7.dir/Users/jun/Documents/PMR3406/PI-7/PicoW/pico-sdk/src/rp2_common/pico_stdio_usb/stdio_usb.c.obj
                0x1000562c                stdio_usb_in_chars
 .text.stdio_usb_out_chars
                0x100056b4       0xd8 src/CMakeFiles/picow-pi7.dir/Users/jun/Documents/PMR3406/PI-7/PicoW/pico-sdk/src/rp2_common/pico_stdio_usb/stdio_usb.c.obj
 .text.tud_descriptor_device_cb
                0x1000578c        0x8 src/CMakeFiles/picow-pi7.dir/Users/jun/Documents/PMR3406/PI-7/PicoW/pico-sdk/src/rp2_common/pico_stdio_usb/stdio_usb_descriptors.c.obj
                0x1000578c                tud_descriptor_device_cb
 .text.tud_descriptor_configuration_cb
                0x10005794        0x8 src/CMakeFiles/picow-pi7.dir/Users/jun/Documents/PMR3406/PI-7/PicoW/pico-sdk/src/rp2_common/pico_stdio_usb/stdio_usb_descriptors.c.obj
                0x10005794                tud_descriptor_configuration_cb
 .text.tud_descriptor_string_cb
                0x1000579c       0x6c src/CMakeFiles/picow-pi7.dir/Users/jun/Documents/PMR3406/PI-7/PicoW/pico-sdk/src/rp2_common/pico_stdio_usb/stdio_usb_descriptors.c.obj
                0x1000579c                tud_descriptor_string_cb
 .text._retrieve_unique_id_on_boot
                0x10005808       0x10 src/CMakeFiles/picow-pi7.dir/Users/jun/Documents/PMR3406/PI-7/PicoW/pico-sdk/src/rp2_common/pico_unique_id/unique_id.c.obj
 .text.pico_get_unique_board_id
                0x10005818       0x10 src/CMakeFiles/picow-pi7.dir/Users/jun/Documents/PMR3406/PI-7/PicoW/pico-sdk/src/rp2_common/pico_unique_id/unique_id.c.obj
                0x10005818                pico_get_unique_board_id
 .text.pico_get_unique_board_id_string
                0x10005828       0x5c src/CMakeFiles/picow-pi7.dir/Users/jun/Documents/PMR3406/PI-7/PicoW/pico-sdk/src/rp2_common/pico_unique_id/unique_id.c.obj
                0x10005828                pico_get_unique_board_id_string
 .text.flash_get_unique_id
                0x10005884       0x46 src/CMakeFiles/picow-pi7.dir/Users/jun/Documents/PMR3406/PI-7/PicoW/pico-sdk/src/rp2_common/hardware_flash/flash.c.obj
                0x10005884                flash_get_unique_id
 *fill*         0x100058ca        0x2 
 .text.hw_endpoint_get_by_addr
                0x100058cc       0x18 src/CMakeFiles/picow-pi7.dir/Users/jun/Documents/PMR3406/PI-7/PicoW/pico-sdk/lib/tinyusb/src/portable/raspberrypi/rp2040/dcd_rp2040.c.obj
 .text._hw_endpoint_alloc
                0x100058e4       0x70 src/CMakeFiles/picow-pi7.dir/Users/jun/Documents/PMR3406/PI-7/PicoW/pico-sdk/lib/tinyusb/src/portable/raspberrypi/rp2040/dcd_rp2040.c.obj
 .text.hw_endpoint_init
                0x10005954       0x88 src/CMakeFiles/picow-pi7.dir/Users/jun/Documents/PMR3406/PI-7/PicoW/pico-sdk/lib/tinyusb/src/portable/raspberrypi/rp2040/dcd_rp2040.c.obj
 .text.dcd_event_sof
                0x100059dc       0x2c src/CMakeFiles/picow-pi7.dir/Users/jun/Documents/PMR3406/PI-7/PicoW/pico-sdk/lib/tinyusb/src/portable/raspberrypi/rp2040/dcd_rp2040.c.obj
 .text.hw_endpoint_xfer
                0x10005a08       0x14 src/CMakeFiles/picow-pi7.dir/Users/jun/Documents/PMR3406/PI-7/PicoW/pico-sdk/lib/tinyusb/src/portable/raspberrypi/rp2040/dcd_rp2040.c.obj
 .text.dcd_int_enable
                0x10005a1c       0x2c src/CMakeFiles/picow-pi7.dir/Users/jun/Documents/PMR3406/PI-7/PicoW/pico-sdk/lib/tinyusb/src/portable/raspberrypi/rp2040/dcd_rp2040.c.obj
                0x10005a1c                dcd_int_enable
 .text.dcd_set_address
                0x10005a48       0x2c src/CMakeFiles/picow-pi7.dir/Users/jun/Documents/PMR3406/PI-7/PicoW/pico-sdk/lib/tinyusb/src/portable/raspberrypi/rp2040/dcd_rp2040.c.obj
                0x10005a48                dcd_set_address
 .text.dcd_connect
                0x10005a74       0x10 src/CMakeFiles/picow-pi7.dir/Users/jun/Documents/PMR3406/PI-7/PicoW/pico-sdk/lib/tinyusb/src/portable/raspberrypi/rp2040/dcd_rp2040.c.obj
                0x10005a74                dcd_connect
 .text.dcd_init
                0x10005a84       0x80 src/CMakeFiles/picow-pi7.dir/Users/jun/Documents/PMR3406/PI-7/PicoW/pico-sdk/lib/tinyusb/src/portable/raspberrypi/rp2040/dcd_rp2040.c.obj
                0x10005a84                dcd_init
 .text.dcd_edpt0_status_complete
                0x10005b04       0x1c src/CMakeFiles/picow-pi7.dir/Users/jun/Documents/PMR3406/PI-7/PicoW/pico-sdk/lib/tinyusb/src/portable/raspberrypi/rp2040/dcd_rp2040.c.obj
                0x10005b04                dcd_edpt0_status_complete
 .text.dcd_edpt_open
                0x10005b20       0x40 src/CMakeFiles/picow-pi7.dir/Users/jun/Documents/PMR3406/PI-7/PicoW/pico-sdk/lib/tinyusb/src/portable/raspberrypi/rp2040/dcd_rp2040.c.obj
                0x10005b20                dcd_edpt_open
 .text.dcd_edpt_close_all
                0x10005b60        0x8 src/CMakeFiles/picow-pi7.dir/Users/jun/Documents/PMR3406/PI-7/PicoW/pico-sdk/lib/tinyusb/src/portable/raspberrypi/rp2040/dcd_rp2040.c.obj
                0x10005b60                dcd_edpt_close_all
 .text.dcd_edpt_xfer
                0x10005b68       0x34 src/CMakeFiles/picow-pi7.dir/Users/jun/Documents/PMR3406/PI-7/PicoW/pico-sdk/lib/tinyusb/src/portable/raspberrypi/rp2040/dcd_rp2040.c.obj
                0x10005b68                dcd_edpt_xfer
 .text.dcd_edpt_stall
                0x10005b9c       0x2c src/CMakeFiles/picow-pi7.dir/Users/jun/Documents/PMR3406/PI-7/PicoW/pico-sdk/lib/tinyusb/src/portable/raspberrypi/rp2040/dcd_rp2040.c.obj
                0x10005b9c                dcd_edpt_stall
 .text.dcd_edpt_clear_stall
                0x10005bc8       0x20 src/CMakeFiles/picow-pi7.dir/Users/jun/Documents/PMR3406/PI-7/PicoW/pico-sdk/lib/tinyusb/src/portable/raspberrypi/rp2040/dcd_rp2040.c.obj
                0x10005bc8                dcd_edpt_clear_stall
 .text.rp2040_usb_init
                0x10005be8       0x4c src/CMakeFiles/picow-pi7.dir/Users/jun/Documents/PMR3406/PI-7/PicoW/pico-sdk/lib/tinyusb/src/portable/raspberrypi/rp2040/rp2040_usb.c.obj
                0x10005be8                rp2040_usb_init
 .text.hw_endpoint_xfer_start
                0x10005c34       0x50 src/CMakeFiles/picow-pi7.dir/Users/jun/Documents/PMR3406/PI-7/PicoW/pico-sdk/lib/tinyusb/src/portable/raspberrypi/rp2040/rp2040_usb.c.obj
                0x10005c34                hw_endpoint_xfer_start
 .text.configuration_reset
                0x10005c84       0x84 src/CMakeFiles/picow-pi7.dir/Users/jun/Documents/PMR3406/PI-7/PicoW/pico-sdk/lib/tinyusb/src/device/usbd.c.obj
 .text.critical_section_enter_blocking
                0x10005d08       0x16 src/CMakeFiles/picow-pi7.dir/Users/jun/Documents/PMR3406/PI-7/PicoW/pico-sdk/lib/tinyusb/src/device/usbd.c.obj
 .text.usbd_reset
                0x10005d1e        0xc src/CMakeFiles/picow-pi7.dir/Users/jun/Documents/PMR3406/PI-7/PicoW/pico-sdk/lib/tinyusb/src/device/usbd.c.obj
 .text.invoke_class_control
                0x10005d2a       0x1a src/CMakeFiles/picow-pi7.dir/Users/jun/Documents/PMR3406/PI-7/PicoW/pico-sdk/lib/tinyusb/src/device/usbd.c.obj
 .text.process_set_config
                0x10005d44      0x178 src/CMakeFiles/picow-pi7.dir/Users/jun/Documents/PMR3406/PI-7/PicoW/pico-sdk/lib/tinyusb/src/device/usbd.c.obj
 .text.process_get_descriptor
                0x10005ebc       0xdc src/CMakeFiles/picow-pi7.dir/Users/jun/Documents/PMR3406/PI-7/PicoW/pico-sdk/lib/tinyusb/src/device/usbd.c.obj
 .text.tud_mounted
                0x10005f98       0x10 src/CMakeFiles/picow-pi7.dir/Users/jun/Documents/PMR3406/PI-7/PicoW/pico-sdk/lib/tinyusb/src/device/usbd.c.obj
                0x10005f98                tud_mounted
 .text.tud_suspended
                0x10005fa8       0x10 src/CMakeFiles/picow-pi7.dir/Users/jun/Documents/PMR3406/PI-7/PicoW/pico-sdk/lib/tinyusb/src/device/usbd.c.obj
                0x10005fa8                tud_suspended
 .text.tud_inited
                0x10005fb8       0x14 src/CMakeFiles/picow-pi7.dir/Users/jun/Documents/PMR3406/PI-7/PicoW/pico-sdk/lib/tinyusb/src/device/usbd.c.obj
                0x10005fb8                tud_inited
 .text.tud_init
                0x10005fcc       0xcc src/CMakeFiles/picow-pi7.dir/Users/jun/Documents/PMR3406/PI-7/PicoW/pico-sdk/lib/tinyusb/src/device/usbd.c.obj
                0x10005fcc                tud_init
 .text.usbd_defer_func
                0x10006098       0x2a src/CMakeFiles/picow-pi7.dir/Users/jun/Documents/PMR3406/PI-7/PicoW/pico-sdk/lib/tinyusb/src/device/usbd.c.obj
                0x10006098                usbd_defer_func
 *fill*         0x100060c2        0x2 
 .text.usbd_edpt_open
                0x100060c4       0x34 src/CMakeFiles/picow-pi7.dir/Users/jun/Documents/PMR3406/PI-7/PicoW/pico-sdk/lib/tinyusb/src/device/usbd.c.obj
                0x100060c4                usbd_edpt_open
 .text.usbd_open_edpt_pair
                0x100060f8       0x62 src/CMakeFiles/picow-pi7.dir/Users/jun/Documents/PMR3406/PI-7/PicoW/pico-sdk/lib/tinyusb/src/device/usbd.c.obj
                0x100060f8                usbd_open_edpt_pair
 *fill*         0x1000615a        0x2 
 .text.usbd_edpt_claim
                0x1000615c       0x28 src/CMakeFiles/picow-pi7.dir/Users/jun/Documents/PMR3406/PI-7/PicoW/pico-sdk/lib/tinyusb/src/device/usbd.c.obj
                0x1000615c                usbd_edpt_claim
 .text.usbd_edpt_release
                0x10006184       0x28 src/CMakeFiles/picow-pi7.dir/Users/jun/Documents/PMR3406/PI-7/PicoW/pico-sdk/lib/tinyusb/src/device/usbd.c.obj
                0x10006184                usbd_edpt_release
 .text.usbd_edpt_xfer
                0x100061ac       0x78 src/CMakeFiles/picow-pi7.dir/Users/jun/Documents/PMR3406/PI-7/PicoW/pico-sdk/lib/tinyusb/src/device/usbd.c.obj
                0x100061ac                usbd_edpt_xfer
 .text.usbd_edpt_stall
                0x10006224       0x48 src/CMakeFiles/picow-pi7.dir/Users/jun/Documents/PMR3406/PI-7/PicoW/pico-sdk/lib/tinyusb/src/device/usbd.c.obj
                0x10006224                usbd_edpt_stall
 .text.usbd_edpt_clear_stall
                0x1000626c       0x48 src/CMakeFiles/picow-pi7.dir/Users/jun/Documents/PMR3406/PI-7/PicoW/pico-sdk/lib/tinyusb/src/device/usbd.c.obj
                0x1000626c                usbd_edpt_clear_stall
 .text.usbd_edpt_stalled
                0x100062b4       0x1c src/CMakeFiles/picow-pi7.dir/Users/jun/Documents/PMR3406/PI-7/PicoW/pico-sdk/lib/tinyusb/src/device/usbd.c.obj
                0x100062b4                usbd_edpt_stalled
 .text.process_control_request
                0x100062d0      0x374 src/CMakeFiles/picow-pi7.dir/Users/jun/Documents/PMR3406/PI-7/PicoW/pico-sdk/lib/tinyusb/src/device/usbd.c.obj
 .text.tud_task_ext
                0x10006644      0x1a8 src/CMakeFiles/picow-pi7.dir/Users/jun/Documents/PMR3406/PI-7/PicoW/pico-sdk/lib/tinyusb/src/device/usbd.c.obj
                0x10006644                tud_task_ext
 .text._status_stage_xact
                0x100067ec       0x1a src/CMakeFiles/picow-pi7.dir/Users/jun/Documents/PMR3406/PI-7/PicoW/pico-sdk/lib/tinyusb/src/device/usbd_control.c.obj
 *fill*         0x10006806        0x2 
 .text._data_stage_xact
                0x10006808       0x58 src/CMakeFiles/picow-pi7.dir/Users/jun/Documents/PMR3406/PI-7/PicoW/pico-sdk/lib/tinyusb/src/device/usbd_control.c.obj
 .text.tud_control_status
                0x10006860       0x28 src/CMakeFiles/picow-pi7.dir/Users/jun/Documents/PMR3406/PI-7/PicoW/pico-sdk/lib/tinyusb/src/device/usbd_control.c.obj
                0x10006860                tud_control_status
 .text.tud_control_xfer
                0x10006888       0x68 src/CMakeFiles/picow-pi7.dir/Users/jun/Documents/PMR3406/PI-7/PicoW/pico-sdk/lib/tinyusb/src/device/usbd_control.c.obj
                0x10006888                tud_control_xfer
 .text.usbd_control_reset
                0x100068f0       0x14 src/CMakeFiles/picow-pi7.dir/Users/jun/Documents/PMR3406/PI-7/PicoW/pico-sdk/lib/tinyusb/src/device/usbd_control.c.obj
                0x100068f0                usbd_control_reset
 .text.usbd_control_set_complete_callback
                0x10006904        0xc src/CMakeFiles/picow-pi7.dir/Users/jun/Documents/PMR3406/PI-7/PicoW/pico-sdk/lib/tinyusb/src/device/usbd_control.c.obj
                0x10006904                usbd_control_set_complete_callback
 .text.usbd_control_set_request
                0x10006910       0x1c src/CMakeFiles/picow-pi7.dir/Users/jun/Documents/PMR3406/PI-7/PicoW/pico-sdk/lib/tinyusb/src/device/usbd_control.c.obj
                0x10006910                usbd_control_set_request
 .text.usbd_control_xfer_cb
                0x1000692c       0xbc src/CMakeFiles/picow-pi7.dir/Users/jun/Documents/PMR3406/PI-7/PicoW/pico-sdk/lib/tinyusb/src/device/usbd_control.c.obj
                0x1000692c                usbd_control_xfer_cb
 .text._prep_out_transaction
                0x100069e8       0x4a src/CMakeFiles/picow-pi7.dir/Users/jun/Documents/PMR3406/PI-7/PicoW/pico-sdk/lib/tinyusb/src/class/cdc/cdc_device.c.obj
 *fill*         0x10006a32        0x2 
 .text.tud_cdc_n_connected
                0x10006a34       0x38 src/CMakeFiles/picow-pi7.dir/Users/jun/Documents/PMR3406/PI-7/PicoW/pico-sdk/lib/tinyusb/src/class/cdc/cdc_device.c.obj
                0x10006a34                tud_cdc_n_connected
 .text.tud_cdc_n_available
                0x10006a6c       0x18 src/CMakeFiles/picow-pi7.dir/Users/jun/Documents/PMR3406/PI-7/PicoW/pico-sdk/lib/tinyusb/src/class/cdc/cdc_device.c.obj
                0x10006a6c                tud_cdc_n_available
 .text.tud_cdc_n_read
                0x10006a84       0x28 src/CMakeFiles/picow-pi7.dir/Users/jun/Documents/PMR3406/PI-7/PicoW/pico-sdk/lib/tinyusb/src/class/cdc/cdc_device.c.obj
                0x10006a84                tud_cdc_n_read
 .text.tud_cdc_n_write_flush
                0x10006aac       0xb8 src/CMakeFiles/picow-pi7.dir/Users/jun/Documents/PMR3406/PI-7/PicoW/pico-sdk/lib/tinyusb/src/class/cdc/cdc_device.c.obj
                0x10006aac                tud_cdc_n_write_flush
 .text.tud_cdc_n_write
                0x10006b64       0x38 src/CMakeFiles/picow-pi7.dir/Users/jun/Documents/PMR3406/PI-7/PicoW/pico-sdk/lib/tinyusb/src/class/cdc/cdc_device.c.obj
                0x10006b64                tud_cdc_n_write
 .text.tud_cdc_n_write_available
                0x10006b9c       0x1c src/CMakeFiles/picow-pi7.dir/Users/jun/Documents/PMR3406/PI-7/PicoW/pico-sdk/lib/tinyusb/src/class/cdc/cdc_device.c.obj
                0x10006b9c                tud_cdc_n_write_available
 .text.cdcd_init
                0x10006bb8       0xbc src/CMakeFiles/picow-pi7.dir/Users/jun/Documents/PMR3406/PI-7/PicoW/pico-sdk/lib/tinyusb/src/class/cdc/cdc_device.c.obj
                0x10006bb8                cdcd_init
 .text.cdcd_reset
                0x10006c74       0x44 src/CMakeFiles/picow-pi7.dir/Users/jun/Documents/PMR3406/PI-7/PicoW/pico-sdk/lib/tinyusb/src/class/cdc/cdc_device.c.obj
                0x10006c74                cdcd_reset
 .text.cdcd_open
                0x10006cb8       0xc4 src/CMakeFiles/picow-pi7.dir/Users/jun/Documents/PMR3406/PI-7/PicoW/pico-sdk/lib/tinyusb/src/class/cdc/cdc_device.c.obj
                0x10006cb8                cdcd_open
 .text.cdcd_control_xfer_cb
                0x10006d7c      0x134 src/CMakeFiles/picow-pi7.dir/Users/jun/Documents/PMR3406/PI-7/PicoW/pico-sdk/lib/tinyusb/src/class/cdc/cdc_device.c.obj
                0x10006d7c                cdcd_control_xfer_cb
 .text.cdcd_xfer_cb
                0x10006eb0      0x130 src/CMakeFiles/picow-pi7.dir/Users/jun/Documents/PMR3406/PI-7/PicoW/pico-sdk/lib/tinyusb/src/class/cdc/cdc_device.c.obj
                0x10006eb0                cdcd_xfer_cb
 .text.tusb_init
                0x10006fe0        0xa src/CMakeFiles/picow-pi7.dir/Users/jun/Documents/PMR3406/PI-7/PicoW/pico-sdk/lib/tinyusb/src/tusb.c.obj
                0x10006fe0                tusb_init
 .text.tusb_inited
                0x10006fea        0xe src/CMakeFiles/picow-pi7.dir/Users/jun/Documents/PMR3406/PI-7/PicoW/pico-sdk/lib/tinyusb/src/tusb.c.obj
                0x10006fea                tusb_inited
 .text.tu_edpt_claim
                0x10006ff8       0x50 src/CMakeFiles/picow-pi7.dir/Users/jun/Documents/PMR3406/PI-7/PicoW/pico-sdk/lib/tinyusb/src/tusb.c.obj
                0x10006ff8                tu_edpt_claim
 .text.tu_edpt_release
                0x10007048       0x38 src/CMakeFiles/picow-pi7.dir/Users/jun/Documents/PMR3406/PI-7/PicoW/pico-sdk/lib/tinyusb/src/tusb.c.obj
                0x10007048                tu_edpt_release
 .text.tu_edpt_validate
                0x10007080       0x78 src/CMakeFiles/picow-pi7.dir/Users/jun/Documents/PMR3406/PI-7/PicoW/pico-sdk/lib/tinyusb/src/tusb.c.obj
                0x10007080                tu_edpt_validate
 .text.tu_edpt_bind_driver
                0x100070f8       0x26 src/CMakeFiles/picow-pi7.dir/Users/jun/Documents/PMR3406/PI-7/PicoW/pico-sdk/lib/tinyusb/src/tusb.c.obj
                0x100070f8                tu_edpt_bind_driver
 .text.advance_index
                0x1000711e       0x1a src/CMakeFiles/picow-pi7.dir/Users/jun/Documents/PMR3406/PI-7/PicoW/pico-sdk/lib/tinyusb/src/common/tusb_fifo.c.obj
 .text._tu_fifo_peek
                0x10007138       0x56 src/CMakeFiles/picow-pi7.dir/Users/jun/Documents/PMR3406/PI-7/PicoW/pico-sdk/lib/tinyusb/src/common/tusb_fifo.c.obj
 .text._ff_pull_const_addr
                0x1000718e       0x4c src/CMakeFiles/picow-pi7.dir/Users/jun/Documents/PMR3406/PI-7/PicoW/pico-sdk/lib/tinyusb/src/common/tusb_fifo.c.obj
 .text._ff_pull_n
                0x100071da      0x110 src/CMakeFiles/picow-pi7.dir/Users/jun/Documents/PMR3406/PI-7/PicoW/pico-sdk/lib/tinyusb/src/common/tusb_fifo.c.obj
 .text._tu_fifo_peek_n
                0x100072ea       0x6a src/CMakeFiles/picow-pi7.dir/Users/jun/Documents/PMR3406/PI-7/PicoW/pico-sdk/lib/tinyusb/src/common/tusb_fifo.c.obj
 .text._tu_fifo_read_n
                0x10007354       0x4e src/CMakeFiles/picow-pi7.dir/Users/jun/Documents/PMR3406/PI-7/PicoW/pico-sdk/lib/tinyusb/src/common/tusb_fifo.c.obj
 .text._ff_push_const_addr
                0x100073a2       0x40 src/CMakeFiles/picow-pi7.dir/Users/jun/Documents/PMR3406/PI-7/PicoW/pico-sdk/lib/tinyusb/src/common/tusb_fifo.c.obj
 .text._ff_push_n
                0x100073e2      0x10c src/CMakeFiles/picow-pi7.dir/Users/jun/Documents/PMR3406/PI-7/PicoW/pico-sdk/lib/tinyusb/src/common/tusb_fifo.c.obj
 .text._tu_fifo_write_n
                0x100074ee       0xf0 src/CMakeFiles/picow-pi7.dir/Users/jun/Documents/PMR3406/PI-7/PicoW/pico-sdk/lib/tinyusb/src/common/tusb_fifo.c.obj
 .text.tu_fifo_config
                0x100075de       0x7c src/CMakeFiles/picow-pi7.dir/Users/jun/Documents/PMR3406/PI-7/PicoW/pico-sdk/lib/tinyusb/src/common/tusb_fifo.c.obj
                0x100075de                tu_fifo_config
 .text.tu_fifo_count
                0x1000765a       0x2a src/CMakeFiles/picow-pi7.dir/Users/jun/Documents/PMR3406/PI-7/PicoW/pico-sdk/lib/tinyusb/src/common/tusb_fifo.c.obj
                0x1000765a                tu_fifo_count
 .text.tu_fifo_empty
                0x10007684        0xe src/CMakeFiles/picow-pi7.dir/Users/jun/Documents/PMR3406/PI-7/PicoW/pico-sdk/lib/tinyusb/src/common/tusb_fifo.c.obj
                0x10007684                tu_fifo_empty
 .text.tu_fifo_full
                0x10007692       0x28 src/CMakeFiles/picow-pi7.dir/Users/jun/Documents/PMR3406/PI-7/PicoW/pico-sdk/lib/tinyusb/src/common/tusb_fifo.c.obj
                0x10007692                tu_fifo_full
 .text.tu_fifo_remaining
                0x100076ba       0x2c src/CMakeFiles/picow-pi7.dir/Users/jun/Documents/PMR3406/PI-7/PicoW/pico-sdk/lib/tinyusb/src/common/tusb_fifo.c.obj
                0x100076ba                tu_fifo_remaining
 .text.tu_fifo_read
                0x100076e6       0x42 src/CMakeFiles/picow-pi7.dir/Users/jun/Documents/PMR3406/PI-7/PicoW/pico-sdk/lib/tinyusb/src/common/tusb_fifo.c.obj
                0x100076e6                tu_fifo_read
 .text.tu_fifo_read_n
                0x10007728        0xa src/CMakeFiles/picow-pi7.dir/Users/jun/Documents/PMR3406/PI-7/PicoW/pico-sdk/lib/tinyusb/src/common/tusb_fifo.c.obj
                0x10007728                tu_fifo_read_n
 .text.tu_fifo_write
                0x10007732       0x64 src/CMakeFiles/picow-pi7.dir/Users/jun/Documents/PMR3406/PI-7/PicoW/pico-sdk/lib/tinyusb/src/common/tusb_fifo.c.obj
                0x10007732                tu_fifo_write
 .text.tu_fifo_write_n
                0x10007796        0xa src/CMakeFiles/picow-pi7.dir/Users/jun/Documents/PMR3406/PI-7/PicoW/pico-sdk/lib/tinyusb/src/common/tusb_fifo.c.obj
                0x10007796                tu_fifo_write_n
 .text.tu_fifo_clear
                0x100077a0       0x3e src/CMakeFiles/picow-pi7.dir/Users/jun/Documents/PMR3406/PI-7/PicoW/pico-sdk/lib/tinyusb/src/common/tusb_fifo.c.obj
                0x100077a0                tu_fifo_clear
 .text.tu_fifo_set_overwritable
                0x100077de       0x46 src/CMakeFiles/picow-pi7.dir/Users/jun/Documents/PMR3406/PI-7/PicoW/pico-sdk/lib/tinyusb/src/common/tusb_fifo.c.obj
                0x100077de                tu_fifo_set_overwritable
 .text.core1_trampoline
                0x10007824        0x2 src/CMakeFiles/picow-pi7.dir/Users/jun/Documents/PMR3406/PI-7/PicoW/pico-sdk/src/rp2_common/pico_multicore/multicore.c.obj
 .text.core1_wrapper
                0x10007826        0xc src/CMakeFiles/picow-pi7.dir/Users/jun/Documents/PMR3406/PI-7/PicoW/pico-sdk/src/rp2_common/pico_multicore/multicore.c.obj
                0x10007826                core1_wrapper
 .text.multicore_fifo_push_blocking
                0x10007832       0x14 src/CMakeFiles/picow-pi7.dir/Users/jun/Documents/PMR3406/PI-7/PicoW/pico-sdk/src/rp2_common/pico_multicore/multicore.c.obj
                0x10007832                multicore_fifo_push_blocking
 .text.multicore_fifo_pop_blocking
                0x10007846       0x16 src/CMakeFiles/picow-pi7.dir/Users/jun/Documents/PMR3406/PI-7/PicoW/pico-sdk/src/rp2_common/pico_multicore/multicore.c.obj
                0x10007846                multicore_fifo_pop_blocking
 .text.multicore_launch_core1_raw
                0x1000785c       0x70 src/CMakeFiles/picow-pi7.dir/Users/jun/Documents/PMR3406/PI-7/PicoW/pico-sdk/src/rp2_common/pico_multicore/multicore.c.obj
                0x1000785c                multicore_launch_core1_raw
 .text.multicore_launch_core1_with_stack
                0x100078cc       0x50 src/CMakeFiles/picow-pi7.dir/Users/jun/Documents/PMR3406/PI-7/PicoW/pico-sdk/src/rp2_common/pico_multicore/multicore.c.obj
                0x100078cc                multicore_launch_core1_with_stack
 .text.multicore_launch_core1
                0x1000791c       0x24 src/CMakeFiles/picow-pi7.dir/Users/jun/Documents/PMR3406/PI-7/PicoW/pico-sdk/src/rp2_common/pico_multicore/multicore.c.obj
                0x1000791c                multicore_launch_core1
 .text.cyw43_arch_set_async_context
                0x10007940        0xc src/CMakeFiles/picow-pi7.dir/Users/jun/Documents/PMR3406/PI-7/PicoW/pico-sdk/src/rp2_common/pico_cyw43_arch/cyw43_arch.c.obj
                0x10007940                cyw43_arch_set_async_context
 .text.cyw43_arch_gpio_put
                0x1000794c       0x14 src/CMakeFiles/picow-pi7.dir/Users/jun/Documents/PMR3406/PI-7/PicoW/pico-sdk/src/rp2_common/pico_cyw43_arch/cyw43_arch.c.obj
                0x1000794c                cyw43_arch_gpio_put
 .text.cyw43_arch_async_context
                0x10007960        0xc src/CMakeFiles/picow-pi7.dir/Users/jun/Documents/PMR3406/PI-7/PicoW/pico-sdk/src/rp2_common/pico_cyw43_arch/cyw43_arch.c.obj
                0x10007960                cyw43_arch_async_context
 .text.cyw43_arch_init_default_async_context
                0x1000796c       0x20 src/CMakeFiles/picow-pi7.dir/Users/jun/Documents/PMR3406/PI-7/PicoW/pico-sdk/src/rp2_common/pico_cyw43_arch/cyw43_arch_threadsafe_background.c.obj
                0x1000796c                cyw43_arch_init_default_async_context
 .text.cyw43_arch_deinit
                0x1000798c       0x28 src/CMakeFiles/picow-pi7.dir/Users/jun/Documents/PMR3406/PI-7/PicoW/pico-sdk/src/rp2_common/pico_cyw43_arch/cyw43_arch_threadsafe_background.c.obj
                0x1000798c                cyw43_arch_deinit
 .text.cyw43_arch_init
                0x100079b4       0x36 src/CMakeFiles/picow-pi7.dir/Users/jun/Documents/PMR3406/PI-7/PicoW/pico-sdk/src/rp2_common/pico_cyw43_arch/cyw43_arch_threadsafe_background.c.obj
                0x100079b4                cyw43_arch_init
 .text.pio_get_default_sm_config
                0x100079ea       0x28 src/CMakeFiles/picow-pi7.dir/Users/jun/Documents/PMR3406/PI-7/PicoW/pico-sdk/src/rp2_common/pico_cyw43_driver/cyw43_bus_pio_spi.c.obj
 *fill*         0x10007a12        0x2 
 .text.spi_gap01_sample0_program_get_default_config
                0x10007a14       0x3c src/CMakeFiles/picow-pi7.dir/Users/jun/Documents/PMR3406/PI-7/PicoW/pico-sdk/src/rp2_common/pico_cyw43_driver/cyw43_bus_pio_spi.c.obj
 .text.cs_set   0x10007a50       0x1c src/CMakeFiles/picow-pi7.dir/Users/jun/Documents/PMR3406/PI-7/PicoW/pico-sdk/src/rp2_common/pico_cyw43_driver/cyw43_bus_pio_spi.c.obj
 .text.channel_config_set_chain_to
                0x10007a6c       0x30 src/CMakeFiles/picow-pi7.dir/Users/jun/Documents/PMR3406/PI-7/PicoW/pico-sdk/src/rp2_common/pico_cyw43_driver/cyw43_bus_pio_spi.c.obj
 .text.dma_channel_get_default_config
                0x10007a9c       0x74 src/CMakeFiles/picow-pi7.dir/Users/jun/Documents/PMR3406/PI-7/PicoW/pico-sdk/src/rp2_common/pico_cyw43_driver/cyw43_bus_pio_spi.c.obj
 .text.channel_config_set_dreq
                0x10007b10       0x30 src/CMakeFiles/picow-pi7.dir/Users/jun/Documents/PMR3406/PI-7/PicoW/pico-sdk/src/rp2_common/pico_cyw43_driver/cyw43_bus_pio_spi.c.obj
 .text.start_spi_comms
                0x10007b40       0x2c src/CMakeFiles/picow-pi7.dir/Users/jun/Documents/PMR3406/PI-7/PicoW/pico-sdk/src/rp2_common/pico_cyw43_driver/cyw43_bus_pio_spi.c.obj
 .text.ns_delay
                0x10007b6c       0x20 src/CMakeFiles/picow-pi7.dir/Users/jun/Documents/PMR3406/PI-7/PicoW/pico-sdk/src/rp2_common/pico_cyw43_driver/cyw43_bus_pio_spi.c.obj
 .text.stop_spi_comms
                0x10007b8c       0x10 src/CMakeFiles/picow-pi7.dir/Users/jun/Documents/PMR3406/PI-7/PicoW/pico-sdk/src/rp2_common/pico_cyw43_driver/cyw43_bus_pio_spi.c.obj
 .text.cyw43_spi_deinit
                0x10007b9c       0x74 src/CMakeFiles/picow-pi7.dir/Users/jun/Documents/PMR3406/PI-7/PicoW/pico-sdk/src/rp2_common/pico_cyw43_driver/cyw43_bus_pio_spi.c.obj
                0x10007b9c                cyw43_spi_deinit
 .text.cyw43_spi_init
                0x10007c10      0x234 src/CMakeFiles/picow-pi7.dir/Users/jun/Documents/PMR3406/PI-7/PicoW/pico-sdk/src/rp2_common/pico_cyw43_driver/cyw43_bus_pio_spi.c.obj
                0x10007c10                cyw43_spi_init
 .text.cyw43_spi_transfer
                0x10007e44      0x568 src/CMakeFiles/picow-pi7.dir/Users/jun/Documents/PMR3406/PI-7/PicoW/pico-sdk/src/rp2_common/pico_cyw43_driver/cyw43_bus_pio_spi.c.obj
                0x10007e44                cyw43_spi_transfer
 .text._cyw43_read_reg
                0x100083ac       0x50 src/CMakeFiles/picow-pi7.dir/Users/jun/Documents/PMR3406/PI-7/PicoW/pico-sdk/src/rp2_common/pico_cyw43_driver/cyw43_bus_pio_spi.c.obj
 .text._cyw43_write_reg
                0x100083fc       0x58 src/CMakeFiles/picow-pi7.dir/Users/jun/Documents/PMR3406/PI-7/PicoW/pico-sdk/src/rp2_common/pico_cyw43_driver/cyw43_bus_pio_spi.c.obj
 .text.cyw43_spi_gpio_setup
                0x10008454       0x3a src/CMakeFiles/picow-pi7.dir/Users/jun/Documents/PMR3406/PI-7/PicoW/pico-sdk/src/rp2_common/pico_cyw43_driver/cyw43_bus_pio_spi.c.obj
                0x10008454                cyw43_spi_gpio_setup
 .text.cyw43_spi_reset
                0x1000848e       0x28 src/CMakeFiles/picow-pi7.dir/Users/jun/Documents/PMR3406/PI-7/PicoW/pico-sdk/src/rp2_common/pico_cyw43_driver/cyw43_bus_pio_spi.c.obj
                0x1000848e                cyw43_spi_reset
 *fill*         0x100084b6        0x2 
 .text.read_reg_u32_swap
                0x100084b8       0x68 src/CMakeFiles/picow-pi7.dir/Users/jun/Documents/PMR3406/PI-7/PicoW/pico-sdk/src/rp2_common/pico_cyw43_driver/cyw43_bus_pio_spi.c.obj
                0x100084b8                read_reg_u32_swap
 .text.cyw43_read_reg_u32
                0x10008520        0xa src/CMakeFiles/picow-pi7.dir/Users/jun/Documents/PMR3406/PI-7/PicoW/pico-sdk/src/rp2_common/pico_cyw43_driver/cyw43_bus_pio_spi.c.obj
                0x10008520                cyw43_read_reg_u32
 .text.cyw43_read_reg_u16
                0x1000852a        0xa src/CMakeFiles/picow-pi7.dir/Users/jun/Documents/PMR3406/PI-7/PicoW/pico-sdk/src/rp2_common/pico_cyw43_driver/cyw43_bus_pio_spi.c.obj
                0x1000852a                cyw43_read_reg_u16
 .text.cyw43_read_reg_u8
                0x10008534        0xa src/CMakeFiles/picow-pi7.dir/Users/jun/Documents/PMR3406/PI-7/PicoW/pico-sdk/src/rp2_common/pico_cyw43_driver/cyw43_bus_pio_spi.c.obj
                0x10008534                cyw43_read_reg_u8
 *fill*         0x1000853e        0x2 
 .text.write_reg_u32_swap
                0x10008540       0x34 src/CMakeFiles/picow-pi7.dir/Users/jun/Documents/PMR3406/PI-7/PicoW/pico-sdk/src/rp2_common/pico_cyw43_driver/cyw43_bus_pio_spi.c.obj
                0x10008540                write_reg_u32_swap
 .text.cyw43_write_reg_u32
                0x10008574       0x10 src/CMakeFiles/picow-pi7.dir/Users/jun/Documents/PMR3406/PI-7/PicoW/pico-sdk/src/rp2_common/pico_cyw43_driver/cyw43_bus_pio_spi.c.obj
                0x10008574                cyw43_write_reg_u32
 .text.cyw43_write_reg_u16
                0x10008584       0x10 src/CMakeFiles/picow-pi7.dir/Users/jun/Documents/PMR3406/PI-7/PicoW/pico-sdk/src/rp2_common/pico_cyw43_driver/cyw43_bus_pio_spi.c.obj
                0x10008584                cyw43_write_reg_u16
 .text.cyw43_write_reg_u8
                0x10008594       0x10 src/CMakeFiles/picow-pi7.dir/Users/jun/Documents/PMR3406/PI-7/PicoW/pico-sdk/src/rp2_common/pico_cyw43_driver/cyw43_bus_pio_spi.c.obj
                0x10008594                cyw43_write_reg_u8
 .text.cyw43_read_bytes